###############################################################################
#
# IAR ELF Linker V8.32.1.169/W32 for ARM                  21/Mar/2020  22:20:38
# Copyright 2007-2018 IAR Systems AB.
#
#    Output file  =  C:\Users\Admin\Documents\ARM\DMA\EWARM\DMA\Exe\DMA.out
#    Map file     =  C:\Users\Admin\Documents\ARM\DMA\EWARM\DMA\List\DMA.map
#    Command line =  
#        -f C:\Users\Admin\AppData\Local\Temp\EW4917.tmp
#        (C:\Users\Admin\Documents\ARM\DMA\EWARM\DMA\Obj\main.o
#        C:\Users\Admin\Documents\ARM\DMA\EWARM\DMA\Obj\startup_stm32f103xe.o
#        C:\Users\Admin\Documents\ARM\DMA\EWARM\DMA\Obj\stm32f1xx_hal.o
#        C:\Users\Admin\Documents\ARM\DMA\EWARM\DMA\Obj\stm32f1xx_hal_cortex.o
#        C:\Users\Admin\Documents\ARM\DMA\EWARM\DMA\Obj\stm32f1xx_hal_dma.o
#        C:\Users\Admin\Documents\ARM\DMA\EWARM\DMA\Obj\stm32f1xx_hal_exti.o
#        C:\Users\Admin\Documents\ARM\DMA\EWARM\DMA\Obj\stm32f1xx_hal_flash.o
#        C:\Users\Admin\Documents\ARM\DMA\EWARM\DMA\Obj\stm32f1xx_hal_flash_ex.o
#        C:\Users\Admin\Documents\ARM\DMA\EWARM\DMA\Obj\stm32f1xx_hal_gpio.o
#        C:\Users\Admin\Documents\ARM\DMA\EWARM\DMA\Obj\stm32f1xx_hal_gpio_ex.o
#        C:\Users\Admin\Documents\ARM\DMA\EWARM\DMA\Obj\stm32f1xx_hal_msp.o
#        C:\Users\Admin\Documents\ARM\DMA\EWARM\DMA\Obj\stm32f1xx_hal_pwr.o
#        C:\Users\Admin\Documents\ARM\DMA\EWARM\DMA\Obj\stm32f1xx_hal_rcc.o
#        C:\Users\Admin\Documents\ARM\DMA\EWARM\DMA\Obj\stm32f1xx_hal_rcc_ex.o
#        C:\Users\Admin\Documents\ARM\DMA\EWARM\DMA\Obj\stm32f1xx_hal_tim.o
#        C:\Users\Admin\Documents\ARM\DMA\EWARM\DMA\Obj\stm32f1xx_hal_tim_ex.o
#        C:\Users\Admin\Documents\ARM\DMA\EWARM\DMA\Obj\stm32f1xx_hal_uart.o
#        C:\Users\Admin\Documents\ARM\DMA\EWARM\DMA\Obj\stm32f1xx_it.o
#        C:\Users\Admin\Documents\ARM\DMA\EWARM\DMA\Obj\system_stm32f1xx.o
#        --redirect _Printf=_PrintfFull --redirect _Scanf=_ScanfFull
#        --no_out_extension -o
#        C:\Users\Admin\Documents\ARM\DMA\EWARM\DMA\Exe\DMA.out --map
#        C:\Users\Admin\Documents\ARM\DMA\EWARM\DMA\List\DMA.map --config
#        C:\Users\Admin\Documents\ARM\DMA\EWARM/stm32f103xe_flash.icf
#        --semihosting --entry __iar_program_start --vfe --text_out locale)
#
###############################################################################

*******************************************************************************
*** RUNTIME MODEL ATTRIBUTES
***

CppFlavor       = *
__SystemLibrary = DLib
__dlib_version  = 6


*******************************************************************************
*** HEAP SELECTION
***

The basic heap was selected because no calls to memory allocation
functions were found in the application outside of system library
functions, and there are calls to deallocation functions in the
application.


*******************************************************************************
*** PLACEMENT SUMMARY
***

"A0":  place at 0x800'0000 { ro section .intvec };
"P1":  place in [from 0x800'0000 to 0x807'ffff] { ro };
define block CSTACK with size = 1K, alignment = 8 { };
define block HEAP with size = 512, alignment = 8 { };
"P2":  place in [from 0x2000'0000 to 0x2000'ffff] {
          rw, block CSTACK, block HEAP };
initialize by copy { rw };

  Section            Kind         Address    Size  Object
  -------            ----         -------    ----  ------
"A0":                                       0x130
  .intvec            ro code   0x800'0000   0x130  startup_stm32f103xe.o [1]
                             - 0x800'0130   0x130

"P1":                                      0x1580
  .text              ro code   0x800'0130   0x4ca  stm32f1xx_hal_rcc.o [1]
  .text              ro code   0x800'05fa    0x3a  zero_init3.o [3]
  .text              ro code   0x800'0634     0xc  stm32f1xx_hal.o [1]
  .text              ro code   0x800'0640    0x40  stm32f1xx_hal.o [1]
  .text              ro code   0x800'0680    0xc4  stm32f1xx_hal_cortex.o [1]
  .text              ro code   0x800'0744   0x414  stm32f1xx_hal_uart.o [1]
  .text              ro code   0x800'0b58   0x130  stm32f1xx_hal_msp.o [1]
  .text              ro code   0x800'0c88   0x3f2  stm32f1xx_hal_dma.o [1]
  .text              ro code   0x800'107a     0x2  stm32f1xx_hal_uart.o [1]
  .text              ro code   0x800'107c     0x2  stm32f1xx_hal_uart.o [1]
  .text              ro code   0x800'107e     0x2  stm32f1xx_hal_uart.o [1]
  .text              ro code   0x800'1080     0x2  stm32f1xx_hal_uart.o [1]
  .text              ro code   0x800'1084     0x6  ABImemclr4.o [3]
  .text              ro code   0x800'108c   0x1d0  stm32f1xx_hal_gpio.o [1]
  .text              ro code   0x800'125c   0x144  main.o [1]
  .text              ro code   0x800'13a0    0x32  ABImemset48.o [3]
  .text              ro code   0x800'13d4    0x24  stm32f1xx_hal.o [1]
  .text              ro code   0x800'13f8    0x18  ABImemcpy_small.o [3]
  .text              ro code   0x800'1410    0x28  stm32f1xx_hal.o [1]
  .text              ro code   0x800'1438    0x5c  system_stm32f1xx.o [1]
  .text              ro code   0x800'1494    0x34  stm32f1xx_it.o [1]
  .text              ro code   0x800'14c8    0x10  stm32f1xx_hal.o [1]
  .text              ro code   0x800'14d8    0x2c  copy_init3.o [3]
  .text              ro code   0x800'1504    0x28  data_init.o [3]
  .iar.init_table    const     0x800'152c    0x24  - Linker created -
  .text              ro code   0x800'1550    0x1e  cmain.o [3]
  .text              ro code   0x800'156e     0x4  low_level_init.o [2]
  .text              ro code   0x800'1572     0x4  exit.o [2]
  .text              ro code   0x800'1578     0xa  cexit.o [3]
  .text              ro code   0x800'1584    0x14  exit.o [4]
  .text              ro code   0x800'1598    0x10  startup_stm32f103xe.o [1]
  Initializer bytes  const     0x800'15a8    0x10  <for P2-1>
  .text              ro code   0x800'15b8     0xc  cstartup_M.o [3]
  .rodata            const     0x800'15c4     0x8  system_stm32f1xx.o [1]
  .text              ro code   0x800'15cc     0x4  startup_stm32f103xe.o [1]
  .text              ro code   0x800'15d0     0x4  startup_stm32f103xe.o [1]
  .text              ro code   0x800'15d4     0x4  startup_stm32f103xe.o [1]
  .text              ro code   0x800'15d8     0x4  startup_stm32f103xe.o [1]
  .text              ro code   0x800'15dc     0x4  startup_stm32f103xe.o [1]
  .text              ro code   0x800'15e0     0x4  startup_stm32f103xe.o [1]
  .text              ro code   0x800'15e4     0x4  startup_stm32f103xe.o [1]
  .text              ro code   0x800'15e8     0x4  startup_stm32f103xe.o [1]
  .text              ro code   0x800'15ec     0x4  startup_stm32f103xe.o [1]
  .text              ro code   0x800'15f0     0x4  startup_stm32f103xe.o [1]
  .text              ro code   0x800'15f4     0x4  startup_stm32f103xe.o [1]
  .text              ro code   0x800'15f8     0x4  startup_stm32f103xe.o [1]
  .text              ro code   0x800'15fc     0x4  startup_stm32f103xe.o [1]
  .text              ro code   0x800'1600     0x4  startup_stm32f103xe.o [1]
  .text              ro code   0x800'1604     0x4  startup_stm32f103xe.o [1]
  .text              ro code   0x800'1608     0x4  startup_stm32f103xe.o [1]
  .text              ro code   0x800'160c     0x4  startup_stm32f103xe.o [1]
  .text              ro code   0x800'1610     0x4  startup_stm32f103xe.o [1]
  .text              ro code   0x800'1614     0x4  startup_stm32f103xe.o [1]
  .text              ro code   0x800'1618     0x4  startup_stm32f103xe.o [1]
  .text              ro code   0x800'161c     0x4  startup_stm32f103xe.o [1]
  .text              ro code   0x800'1620     0x4  startup_stm32f103xe.o [1]
  .text              ro code   0x800'1624     0x4  startup_stm32f103xe.o [1]
  .text              ro code   0x800'1628     0x4  startup_stm32f103xe.o [1]
  .text              ro code   0x800'162c     0x4  startup_stm32f103xe.o [1]
  .text              ro code   0x800'1630     0x4  startup_stm32f103xe.o [1]
  .text              ro code   0x800'1634     0x4  startup_stm32f103xe.o [1]
  .text              ro code   0x800'1638     0x4  startup_stm32f103xe.o [1]
  .text              ro code   0x800'163c     0x4  startup_stm32f103xe.o [1]
  .text              ro code   0x800'1640     0x4  startup_stm32f103xe.o [1]
  .text              ro code   0x800'1644     0x4  startup_stm32f103xe.o [1]
  .text              ro code   0x800'1648     0x4  startup_stm32f103xe.o [1]
  .text              ro code   0x800'164c     0x4  startup_stm32f103xe.o [1]
  .text              ro code   0x800'1650     0x4  startup_stm32f103xe.o [1]
  .text              ro code   0x800'1654     0x4  startup_stm32f103xe.o [1]
  .text              ro code   0x800'1658     0x4  startup_stm32f103xe.o [1]
  .text              ro code   0x800'165c     0x4  startup_stm32f103xe.o [1]
  .text              ro code   0x800'1660     0x4  startup_stm32f103xe.o [1]
  .text              ro code   0x800'1664     0x4  startup_stm32f103xe.o [1]
  .text              ro code   0x800'1668     0x4  startup_stm32f103xe.o [1]
  .text              ro code   0x800'166c     0x4  startup_stm32f103xe.o [1]
  .text              ro code   0x800'1670     0x4  startup_stm32f103xe.o [1]
  .text              ro code   0x800'1674     0x4  startup_stm32f103xe.o [1]
  .text              ro code   0x800'1678     0x4  startup_stm32f103xe.o [1]
  .text              ro code   0x800'167c     0x4  startup_stm32f103xe.o [1]
  .text              ro code   0x800'1680     0x4  startup_stm32f103xe.o [1]
  .text              ro code   0x800'1684     0x4  startup_stm32f103xe.o [1]
  .text              ro code   0x800'1688     0x4  startup_stm32f103xe.o [1]
  .text              ro code   0x800'168c     0x4  startup_stm32f103xe.o [1]
  .text              ro code   0x800'1690     0x4  startup_stm32f103xe.o [1]
  .text              ro code   0x800'1694     0x4  startup_stm32f103xe.o [1]
  .text              ro code   0x800'1698     0x4  startup_stm32f103xe.o [1]
  .text              ro code   0x800'169c     0x4  startup_stm32f103xe.o [1]
  .text              ro code   0x800'16a0     0x4  startup_stm32f103xe.o [1]
  .text              ro code   0x800'16a4     0x4  startup_stm32f103xe.o [1]
  .text              ro code   0x800'16a8     0x4  startup_stm32f103xe.o [1]
  .text              ro code   0x800'16ac     0x4  startup_stm32f103xe.o [1]
  .rodata            const     0x800'16b0     0x0  zero_init3.o [3]
  .rodata            const     0x800'16b0     0x0  copy_init3.o [3]
                             - 0x800'16b0  0x1580

"P2", part 1 of 3:                           0x10
  P2-1                        0x2000'0000    0x10  <Init block>
    .data            inited   0x2000'0000     0xc  stm32f1xx_hal.o [1]
    .data            inited   0x2000'000c     0x4  system_stm32f1xx.o [1]
                            - 0x2000'0010    0x10

"P2", part 2 of 3:                          0x10c
  .bss               zero     0x2000'0010    0x84  main.o [1]
  .bss               zero     0x2000'0094    0x44  main.o [1]
  .bss               zero     0x2000'00d8    0x44  main.o [1]
                            - 0x2000'011c   0x10c

"P2", part 3 of 3:                          0x400
  CSTACK                      0x2000'0120   0x400  <Block>
    CSTACK           uninit   0x2000'0120   0x400  <Block tail>
                            - 0x2000'0520   0x400

Unused ranges:

         From           To      Size
         ----           --      ----
   0x800'16b0   0x807'ffff  0x7'e950
  0x2000'011c  0x2000'011f       0x4
  0x2000'0520  0x2000'ffff    0xfae0


*******************************************************************************
*** INIT TABLE
***

          Address      Size
          -------      ----
Zero (__iar_zero_init3)
    1 destination range, total size 0x10c:
          0x2000'0010  0x10c

Copy (__iar_copy_init3)
    1 source range, total size 0x10:
           0x800'15a8   0x10
    1 destination range, total size 0x10:
          0x2000'0000   0x10



*******************************************************************************
*** MODULE SUMMARY
***

    Module                  ro code  ro data  rw data
    ------                  -------  -------  -------
command line/config:
    -------------------------------------------------
    Total:

C:\Users\Admin\Documents\ARM\DMA\EWARM\DMA\Obj: [1]
    main.o                      324               268
    startup_stm32f103xe.o       548
    stm32f1xx_hal.o             168       12       12
    stm32f1xx_hal_cortex.o      196
    stm32f1xx_hal_dma.o       1 010
    stm32f1xx_hal_gpio.o        464
    stm32f1xx_hal_msp.o         304
    stm32f1xx_hal_rcc.o       1 226
    stm32f1xx_hal_uart.o      1 052
    stm32f1xx_it.o               52
    system_stm32f1xx.o           92       12        4
    -------------------------------------------------
    Total:                    5 436       24      284

dl7M_tln.a: [2]
    exit.o                        4
    low_level_init.o              4
    -------------------------------------------------
    Total:                        8

rt7M_tl.a: [3]
    ABImemclr4.o                  6
    ABImemcpy_small.o            24
    ABImemset48.o                50
    cexit.o                      10
    cmain.o                      30
    copy_init3.o                 44
    cstartup_M.o                 12
    data_init.o                  40
    zero_init3.o                 58
    -------------------------------------------------
    Total:                      274

shb_l.a: [4]
    exit.o                       20
    -------------------------------------------------
    Total:                       20

    Gaps                         10
    Linker created                        36    1 024
-----------------------------------------------------
    Grand Total:              5 748       60    1 308


*******************************************************************************
*** ENTRY LIST
***

Entry                       Address   Size  Type      Object
-----                       -------   ----  ----      ------
.iar.init_table$$Base    0x800'152c          --   Gb  - Linker created -
.iar.init_table$$Limit   0x800'1550          --   Gb  - Linker created -
?main                    0x800'1551         Code  Gb  cmain.o [3]
AHBPrescTable            0x800'1484   0x10  Data  Gb  system_stm32f1xx.o [1]
APBPrescTable            0x800'15c4    0x8  Data  Gb  system_stm32f1xx.o [1]
BusFault_Handler         0x800'149b    0x2  Code  Gb  stm32f1xx_it.o [1]
CSTACK$$Base            0x2000'0120          --   Gb  - Linker created -
CSTACK$$Limit           0x2000'0520          --   Gb  - Linker created -
DMA1_Channel4_IRQHandler
                         0x800'14a9    0x6  Code  Gb  stm32f1xx_it.o [1]
DMA1_Channel5_IRQHandler
                         0x800'14af    0x6  Code  Gb  stm32f1xx_it.o [1]
DMA_SetConfig            0x800'1059   0x22  Code  Lc  stm32f1xx_hal_dma.o [1]
DebugMon_Handler         0x800'14a1    0x2  Code  Gb  stm32f1xx_it.o [1]
Error_Handler            0x800'138f    0x2  Code  Gb  main.o [1]
HAL_DMA_Abort_IT         0x800'0d7d   0xdc  Code  Gb  stm32f1xx_hal_dma.o [1]
HAL_DMA_IRQHandler       0x800'0e59  0x1bc  Code  Gb  stm32f1xx_hal_dma.o [1]
HAL_DMA_Init             0x800'0c89   0x80  Code  Gb  stm32f1xx_hal_dma.o [1]
HAL_DMA_Start_IT         0x800'0d09   0x74  Code  Gb  stm32f1xx_hal_dma.o [1]
HAL_Delay                0x800'1411   0x28  Code  Wk  stm32f1xx_hal.o [1]
HAL_GPIO_Init            0x800'108d  0x194  Code  Gb  stm32f1xx_hal_gpio.o [1]
HAL_GetTick              0x800'0635    0xc  Code  Wk  stm32f1xx_hal.o [1]
HAL_IncTick              0x800'14c9   0x10  Code  Wk  stm32f1xx_hal.o [1]
HAL_Init                 0x800'13d5   0x20  Code  Gb  stm32f1xx_hal.o [1]
HAL_InitTick             0x800'0641   0x40  Code  Wk  stm32f1xx_hal.o [1]
HAL_MspInit              0x800'0b59   0x3e  Code  Gb  stm32f1xx_hal_msp.o [1]
HAL_NVIC_EnableIRQ       0x800'06ef   0x16  Code  Gb  stm32f1xx_hal_cortex.o [1]
HAL_NVIC_SetPriority     0x800'06b5   0x3a  Code  Gb  stm32f1xx_hal_cortex.o [1]
HAL_NVIC_SetPriorityGrouping
                         0x800'069b   0x1a  Code  Gb  stm32f1xx_hal_cortex.o [1]
HAL_RCC_ClockConfig      0x800'0451   0xf4  Code  Gb  stm32f1xx_hal_rcc.o [1]
HAL_RCC_GetPCLK1Freq     0x800'0593   0x10  Code  Gb  stm32f1xx_hal_rcc.o [1]
HAL_RCC_GetPCLK2Freq     0x800'05a3    0xe  Code  Gb  stm32f1xx_hal_rcc.o [1]
HAL_RCC_GetSysClockFreq
                         0x800'0559   0x3a  Code  Gb  stm32f1xx_hal_rcc.o [1]
HAL_RCC_GetSysClockFreq::aPLLMULFactorTable
                         0x800'05e8   0x10  Data  Lc  stm32f1xx_hal_rcc.o [1]
HAL_RCC_GetSysClockFreq::aPredivFactorTable
                         0x800'05f8    0x2  Data  Lc  stm32f1xx_hal_rcc.o [1]
HAL_RCC_OscConfig        0x800'0131  0x318  Code  Gb  stm32f1xx_hal_rcc.o [1]
HAL_SYSTICK_Config       0x800'0705   0x28  Code  Gb  stm32f1xx_hal_cortex.o [1]
HAL_UART_IRQHandler      0x800'083f  0x14e  Code  Gb  stm32f1xx_hal_uart.o [1]
HAL_UART_Init            0x800'0745   0x1e  Code  Gb  stm32f1xx_hal_uart.o [1]
HAL_UART_MspInit         0x800'0b97   0xd6  Code  Gb  stm32f1xx_hal_msp.o [1]
HAL_UART_Transmit_DMA    0x800'07bb   0x78  Code  Gb  stm32f1xx_hal_uart.o [1]
HardFault_Handler        0x800'1497    0x2  Code  Gb  stm32f1xx_it.o [1]
MemManage_Handler        0x800'1499    0x2  Code  Gb  stm32f1xx_it.o [1]
NMI_Handler              0x800'1495    0x2  Code  Gb  stm32f1xx_it.o [1]
PendSV_Handler           0x800'14a3    0x2  Code  Gb  stm32f1xx_it.o [1]
Region$$Table$$Base      0x800'152c          --   Gb  - Linker created -
Region$$Table$$Limit     0x800'1550          --   Gb  - Linker created -
SVC_Handler              0x800'149f    0x2  Code  Gb  stm32f1xx_it.o [1]
SysTick_Handler          0x800'14a5    0x4  Code  Gb  stm32f1xx_it.o [1]
SystemClock_Config       0x800'1339   0x56  Code  Gb  main.o [1]
SystemCoreClock         0x2000'000c    0x4  Data  Gb  system_stm32f1xx.o [1]
SystemInit               0x800'1439   0x3c  Code  Gb  system_stm32f1xx.o [1]
UART_DMAAbortOnError     0x800'0a39    0xc  Code  Lc  stm32f1xx_hal_uart.o [1]
UART_DMAError            0x800'09c1   0x4a  Code  Lc  stm32f1xx_hal_uart.o [1]
UART_DMATransmitCplt     0x800'098d   0x2a  Code  Lc  stm32f1xx_hal_uart.o [1]
UART_DMATxHalfCplt       0x800'09b9    0x6  Code  Lc  stm32f1xx_hal_uart.o [1]
UART_EndRxTransfer       0x800'0a1d   0x1c  Code  Lc  stm32f1xx_hal_uart.o [1]
UART_EndTxTransfer       0x800'0a0b   0x12  Code  Lc  stm32f1xx_hal_uart.o [1]
UART_Receive_IT          0x800'0a45   0x92  Code  Lc  stm32f1xx_hal_uart.o [1]
UART_SetConfig           0x800'0ad7   0x78  Code  Lc  stm32f1xx_hal_uart.o [1]
USART1_IRQHandler        0x800'14b5    0x6  Code  Gb  stm32f1xx_it.o [1]
UsageFault_Handler       0x800'149d    0x2  Code  Gb  stm32f1xx_it.o [1]
__NVIC_SetPriority       0x800'0681   0x1a  Code  Lc  stm32f1xx_hal_cortex.o [1]
__aeabi_memclr4          0x800'1085         Code  Gb  ABImemclr4.o [3]
__cmain                  0x800'1551         Code  Gb  cmain.o [3]
__exit                   0x800'1585   0x14  Code  Gb  exit.o [4]
__iar_Memset4_word       0x800'13a1         Code  Gb  ABImemset48.o [3]
__iar_Memset8_word       0x800'13a1         Code  Gb  ABImemset48.o [3]
__iar_copy_init3         0x800'14d9   0x2c  Code  Gb  copy_init3.o [3]
__iar_data_init3         0x800'1505   0x28  Code  Gb  data_init.o [3]
__iar_program_start      0x800'15b9         Code  Gb  cstartup_M.o [3]
__iar_small_Memcpy       0x800'13fd         Code  Gb  ABImemcpy_small.o [3]
__iar_small_memcpy       0x800'13f9         Code  Gb  ABImemcpy_small.o [3]
__iar_small_memcpy4      0x800'13f9         Code  Gb  ABImemcpy_small.o [3]
__iar_small_memcpy8      0x800'13f9         Code  Gb  ABImemcpy_small.o [3]
__iar_zero_init3         0x800'05fb   0x3a  Code  Gb  zero_init3.o [3]
__low_level_init         0x800'156f    0x4  Code  Gb  low_level_init.o [2]
__vector_table           0x800'0000         Data  Gb  startup_stm32f103xe.o [1]
_call_main               0x800'155d         Code  Gb  cmain.o [3]
_exit                    0x800'1579         Code  Gb  cexit.o [3]
_main                    0x800'156b         Code  Gb  cmain.o [3]
exit                     0x800'1573    0x4  Code  Gb  exit.o [2]
hdma_memtomem_dma1_channel1
                        0x2000'0050   0x44  Data  Gb  main.o [1]
hdma_usart1_rx          0x2000'0094   0x44  Data  Gb  main.o [1]
hdma_usart1_tx          0x2000'00d8   0x44  Data  Gb  main.o [1]
huart1                  0x2000'0010   0x40  Data  Gb  main.o [1]
main                     0x800'125d   0xca  Code  Gb  main.o [1]
uwTick                  0x2000'0004    0x4  Data  Gb  stm32f1xx_hal.o [1]
uwTickFreq              0x2000'0000    0x1  Data  Gb  stm32f1xx_hal.o [1]
uwTickPrio              0x2000'0008    0x4  Data  Gb  stm32f1xx_hal.o [1]


[1] = C:\Users\Admin\Documents\ARM\DMA\EWARM\DMA\Obj
[2] = dl7M_tln.a
[3] = rt7M_tl.a
[4] = shb_l.a

  5 748 bytes of readonly  code memory
     60 bytes of readonly  data memory
  1 308 bytes of readwrite data memory

Errors: none
Warnings: none
