###############################################################################
#
# IAR ELF Linker V8.32.1.169/W32 for ARM                  15/Feb/2020  13:40:40
# Copyright 2007-2018 IAR Systems AB.
#
#    Output file  =  C:\Users\Admin\Documents\text\TIM\EWARM\TIM\Exe\TIM.out
#    Map file     =  C:\Users\Admin\Documents\text\TIM\EWARM\TIM\List\TIM.map
#    Command line =  
#        -f C:\Users\Admin\AppData\Local\Temp\EW1268.tmp
#        (C:\Users\Admin\Documents\text\TIM\EWARM\TIM\Obj\main.o
#        C:\Users\Admin\Documents\text\TIM\EWARM\TIM\Obj\startup_stm32f746xx.o
#        C:\Users\Admin\Documents\text\TIM\EWARM\TIM\Obj\stm32f7xx_hal.o
#        C:\Users\Admin\Documents\text\TIM\EWARM\TIM\Obj\stm32f7xx_hal_cortex.o
#        C:\Users\Admin\Documents\text\TIM\EWARM\TIM\Obj\stm32f7xx_hal_dma.o
#        C:\Users\Admin\Documents\text\TIM\EWARM\TIM\Obj\stm32f7xx_hal_dma_ex.o
#        C:\Users\Admin\Documents\text\TIM\EWARM\TIM\Obj\stm32f7xx_hal_exti.o
#        C:\Users\Admin\Documents\text\TIM\EWARM\TIM\Obj\stm32f7xx_hal_flash.o
#        C:\Users\Admin\Documents\text\TIM\EWARM\TIM\Obj\stm32f7xx_hal_flash_ex.o
#        C:\Users\Admin\Documents\text\TIM\EWARM\TIM\Obj\stm32f7xx_hal_gpio.o
#        C:\Users\Admin\Documents\text\TIM\EWARM\TIM\Obj\stm32f7xx_hal_i2c.o
#        C:\Users\Admin\Documents\text\TIM\EWARM\TIM\Obj\stm32f7xx_hal_i2c_ex.o
#        C:\Users\Admin\Documents\text\TIM\EWARM\TIM\Obj\stm32f7xx_hal_msp.o
#        C:\Users\Admin\Documents\text\TIM\EWARM\TIM\Obj\stm32f7xx_hal_pwr.o
#        C:\Users\Admin\Documents\text\TIM\EWARM\TIM\Obj\stm32f7xx_hal_pwr_ex.o
#        C:\Users\Admin\Documents\text\TIM\EWARM\TIM\Obj\stm32f7xx_hal_rcc.o
#        C:\Users\Admin\Documents\text\TIM\EWARM\TIM\Obj\stm32f7xx_hal_rcc_ex.o
#        C:\Users\Admin\Documents\text\TIM\EWARM\TIM\Obj\stm32f7xx_hal_tim.o
#        C:\Users\Admin\Documents\text\TIM\EWARM\TIM\Obj\stm32f7xx_hal_tim_ex.o
#        C:\Users\Admin\Documents\text\TIM\EWARM\TIM\Obj\stm32f7xx_it.o
#        C:\Users\Admin\Documents\text\TIM\EWARM\TIM\Obj\system_stm32f7xx.o
#        --redirect _Printf=_PrintfFull --redirect _Scanf=_ScanfFull
#        --no_out_extension -o
#        C:\Users\Admin\Documents\text\TIM\EWARM\TIM\Exe\TIM.out --map
#        C:\Users\Admin\Documents\text\TIM\EWARM\TIM\List\TIM.map --config
#        C:\Users\Admin\Documents\text\TIM\EWARM/stm32f746xx_flash.icf
#        --semihosting --entry __iar_program_start --vfe --text_out locale)
#
###############################################################################

*******************************************************************************
*** RUNTIME MODEL ATTRIBUTES
***

CppFlavor       = *
__Heap_Handler  = Basic
__SystemLibrary = DLib
__dlib_version  = 6


*******************************************************************************
*** HEAP SELECTION
***

The basic heap was selected because no calls to memory allocation
functions were found in the application outside of system library
functions, and there are calls to deallocation functions in the
application.


*******************************************************************************
*** PLACEMENT SUMMARY
***

"A0":  place at 0x800'0000 { ro section .intvec };
"P1":  place in [from 0x800'0000 to 0x80f'ffff] { ro };
define block CSTACK with size = 1K, alignment = 8 { };
define block HEAP with size = 512, alignment = 8 { };
"P2":  place in [from 0x2000'0000 to 0x2004'ffff] {
          rw, block CSTACK, block HEAP };
initialize by copy { rw };

  Section            Kind         Address    Size  Object
  -------            ----         -------    ----  ------
"A0":                                       0x1c8
  .intvec            ro code   0x800'0000   0x1c8  startup_stm32f746xx.o [1]
                             - 0x800'01c8   0x1c8

"P1":                                      0x3411
  .text              ro code   0x800'01c8   0xf46  xprintffull.o [2]
  .text              ro code   0x800'110e    0x7a  lz77_init_single.o [4]
  .text              ro code   0x800'1188    0x78  xlocale_c.o [2]
  .text              ro code   0x800'1200    0x16  strchr.o [4]
  .text              ro code   0x800'1216    0x3a  zero_init3.o [4]
  .text              ro code   0x800'1250    0x40  xfail_s.o [2]
  .text              ro code   0x800'1290    0x36  strlen.o [4]
  .text              ro code   0x800'12c6    0x1e  xencoding_8859_1.o [2]
  .text              ro code   0x800'12e4    0x58  memchr.o [4]
  .text              ro code   0x800'133c     0xa  xmbcurmax.o [2]
  .text              ro code   0x800'1348    0xa6  ABImemcpy.o [4]
  .text              ro code   0x800'13f0   0x106  I64DivMod_small.o [4]
  .text              ro code   0x800'14f8   0x1a2  DblMul.o [3]
  .text              ro code   0x800'169c    0x70  frexp.o [3]
  .text              ro code   0x800'170c    0x2e  DblCmpLe.o [3]
  .text              ro code   0x800'173c    0x2e  DblCmpGe.o [3]
  .text              ro code   0x800'176c   0x13a  ldexp.o [3]
  .text              ro code   0x800'18a8    0x3a  DblToS32.o [3]
  .text              ro code   0x800'18e4    0x22  S32ToDbl.o [3]
  .text              ro code   0x800'1908    0xe2  DblSub.o [3]
  .text              ro code   0x800'19ec   0x246  DblDiv.o [3]
  .text              ro code   0x800'1c34    0x28  DblToU32.o [3]
  .text              ro code   0x800'1c5c    0x1a  U32ToDbl.o [3]
  .text              ro code   0x800'1c76     0x6  abort.o [2]
  .text              ro code   0x800'1c7c     0x2  I64DivZer.o [4]
  .text              ro code   0x800'1c80   0x16a  DblAdd.o [3]
  .text              ro code   0x800'1dec    0x14  exit.o [5]
  .text              ro code   0x800'1e00    0x80  iarttio.o [5]
  .text              ro code   0x800'1e80    0x3c  XShttio.o [2]
  .text              ro code   0x800'1ebc   0x48c  stm32f7xx_hal_rcc.o [1]
  .text              ro code   0x800'2348     0xc  stm32f7xx_hal.o [1]
  .text              ro code   0x800'2354    0x40  stm32f7xx_hal.o [1]
  .text              ro code   0x800'2394    0xc4  stm32f7xx_hal_cortex.o [1]
  .text              ro code   0x800'2458   0x3c6  stm32f7xx_hal_tim.o [1]
  .text              ro code   0x800'2820    0x64  stm32f7xx_hal_msp.o [1]
  .text              ro code   0x800'2884     0x2  stm32f7xx_hal_tim.o [1]
  .text              ro code   0x800'2886     0x2  stm32f7xx_hal_tim.o [1]
  .text              ro code   0x800'2888   0x150  main.o [1]
  .text              ro code   0x800'29d8     0x2  stm32f7xx_hal_tim_ex.o [1]
  .text              ro code   0x800'29da     0x2  stm32f7xx_hal_tim_ex.o [1]
  .text              ro code   0x800'29dc     0x2  stm32f7xx_hal_tim.o [1]
  .text              ro code   0x800'29de     0x2  stm32f7xx_hal_tim_ex.o [1]
  .text              ro code   0x800'29e0     0x2  stm32f7xx_hal_tim.o [1]
  .text              ro code   0x800'29e4    0x28  printf.o [2]
  .text              ro code   0x800'2a0c    0x16  stm32f7xx_hal.o [1]
  .text              ro code   0x800'2a24     0x6  ABImemclr4.o [4]
  .text              ro code   0x800'2a2c    0x5c  stm32f7xx_hal_tim_ex.o [1]
  .text              ro code   0x800'2a88    0x74  stm32f7xx_hal_pwr_ex.o [1]
  .text              ro code   0x800'2afc    0x32  ABImemset48.o [4]
  .text              ro code   0x800'2b30   0x140  heap0.o [2]
  .text              ro code   0x800'2c70    0x2c  xgetmemchunk.o [2]
  .text              ro code   0x800'2c9c    0xd8  xfspos.o [2]
  .text              ro code   0x800'2d74    0xac  fflush.o [2]
  .text              ro code   0x800'2e20     0xc  xfgpos.o [2]
  .text              ro code   0x800'2e2c    0x4a  lseek.o [5]
  .text              ro code   0x800'2e76    0x10  write.o [5]
  .text              ro code   0x800'2e88    0xcc  XShHandles.o [2]
  .text              ro code   0x800'2f54    0x1e  dwrite.o [5]
  .text              ro code   0x800'2f72    0x20  iarwstd.o [5]
  .text              ro code   0x800'2f92    0x22  iarwrite.o [5]
  .text              ro code   0x800'2fb4    0xb4  xfwprep.o [2]
  .text              ro code   0x800'3068    0x24  fseek.o [2]
  .text              ro code   0x800'308c    0x8c  xfofind.o [2]
  .text              ro code   0x800'3118     0x4  heaptramp0.o [2]
  .text              ro code   0x800'311c    0x7e  fclose.o [2]
  .text              ro code   0x800'319a    0x18  close.o [5]
  .text              ro code   0x800'31b2    0x14  remove.o [5]
  .text              ro code   0x800'31c8    0x60  system_stm32f7xx.o [1]
  .text              ro code   0x800'3228    0x54  fputc.o [2]
  .text              ro code   0x800'327c    0x3c  xcloseall.o [2]
  .text              ro code   0x800'32b8    0x28  data_init.o [4]
  .text              ro code   0x800'32e0    0x22  fpinit_M.o [3]
  .iar.init_table    const     0x800'3304    0x20  - Linker created -
  .text              ro code   0x800'3324    0x20  stm32f7xx_it.o [1]
  .text              ro code   0x800'3344    0x10  stm32f7xx_hal.o [1]
  .text              ro code   0x800'3354    0x1e  cmain.o [4]
  .text              ro code   0x800'3372     0x4  low_level_init.o [2]
  .text              ro code   0x800'3376     0x4  exit.o [2]
  .text              ro code   0x800'337c     0xe  cexit.o [4]
  .text              ro code   0x800'338a    0x16  xprout.o [2]
  .text              ro code   0x800'33a0     0xc  putchar.o [2]
  .text              ro code   0x800'33ac    0x10  startup_stm32f746xx.o [1]
  .text              ro code   0x800'33bc     0xc  cstartup_M.o [4]
  .rodata            const     0x800'33c8     0x6  xlocale_c.o [2]
  .text              ro code   0x800'33ce     0x4  startup_stm32f746xx.o [1]
  .text              ro code   0x800'33d2     0x4  startup_stm32f746xx.o [1]
  .text              ro code   0x800'33d6     0x4  startup_stm32f746xx.o [1]
  .text              ro code   0x800'33da     0x4  startup_stm32f746xx.o [1]
  .text              ro code   0x800'33de     0x4  startup_stm32f746xx.o [1]
  .text              ro code   0x800'33e2     0x4  startup_stm32f746xx.o [1]
  .text              ro code   0x800'33e6     0x4  startup_stm32f746xx.o [1]
  .text              ro code   0x800'33ea     0x4  startup_stm32f746xx.o [1]
  .text              ro code   0x800'33ee     0x4  startup_stm32f746xx.o [1]
  .text              ro code   0x800'33f2     0x4  startup_stm32f746xx.o [1]
  .text              ro code   0x800'33f6     0x4  startup_stm32f746xx.o [1]
  .text              ro code   0x800'33fa     0x4  startup_stm32f746xx.o [1]
  .text              ro code   0x800'33fe     0x4  startup_stm32f746xx.o [1]
  .text              ro code   0x800'3402     0x4  startup_stm32f746xx.o [1]
  .text              ro code   0x800'3406     0x4  startup_stm32f746xx.o [1]
  .text              ro code   0x800'340a     0x4  startup_stm32f746xx.o [1]
  .text              ro code   0x800'340e     0x4  startup_stm32f746xx.o [1]
  .text              ro code   0x800'3412     0x4  startup_stm32f746xx.o [1]
  .text              ro code   0x800'3416     0x4  startup_stm32f746xx.o [1]
  .text              ro code   0x800'341a     0x4  startup_stm32f746xx.o [1]
  .text              ro code   0x800'341e     0x4  startup_stm32f746xx.o [1]
  .text              ro code   0x800'3422     0x4  startup_stm32f746xx.o [1]
  .text              ro code   0x800'3426     0x4  startup_stm32f746xx.o [1]
  .text              ro code   0x800'342a     0x4  startup_stm32f746xx.o [1]
  .text              ro code   0x800'342e     0x4  startup_stm32f746xx.o [1]
  .text              ro code   0x800'3432     0x4  startup_stm32f746xx.o [1]
  .text              ro code   0x800'3436     0x4  startup_stm32f746xx.o [1]
  .text              ro code   0x800'343a     0x4  startup_stm32f746xx.o [1]
  .text              ro code   0x800'343e     0x4  startup_stm32f746xx.o [1]
  .text              ro code   0x800'3442     0x4  startup_stm32f746xx.o [1]
  .text              ro code   0x800'3446     0x4  startup_stm32f746xx.o [1]
  .text              ro code   0x800'344a     0x4  startup_stm32f746xx.o [1]
  .text              ro code   0x800'344e     0x4  startup_stm32f746xx.o [1]
  .text              ro code   0x800'3452     0x4  startup_stm32f746xx.o [1]
  .text              ro code   0x800'3456     0x4  startup_stm32f746xx.o [1]
  .text              ro code   0x800'345a     0x4  startup_stm32f746xx.o [1]
  .text              ro code   0x800'345e     0x4  startup_stm32f746xx.o [1]
  .text              ro code   0x800'3462     0x4  startup_stm32f746xx.o [1]
  .text              ro code   0x800'3466     0x4  startup_stm32f746xx.o [1]
  .text              ro code   0x800'346a     0x4  startup_stm32f746xx.o [1]
  .text              ro code   0x800'346e     0x4  startup_stm32f746xx.o [1]
  .text              ro code   0x800'3472     0x4  startup_stm32f746xx.o [1]
  .text              ro code   0x800'3476     0x4  startup_stm32f746xx.o [1]
  .text              ro code   0x800'347a     0x4  startup_stm32f746xx.o [1]
  .text              ro code   0x800'347e     0x4  startup_stm32f746xx.o [1]
  .text              ro code   0x800'3482     0x4  startup_stm32f746xx.o [1]
  .text              ro code   0x800'3486     0x4  startup_stm32f746xx.o [1]
  .text              ro code   0x800'348a     0x4  startup_stm32f746xx.o [1]
  .text              ro code   0x800'348e     0x4  startup_stm32f746xx.o [1]
  .text              ro code   0x800'3492     0x4  startup_stm32f746xx.o [1]
  .text              ro code   0x800'3496     0x4  startup_stm32f746xx.o [1]
  .text              ro code   0x800'349a     0x4  startup_stm32f746xx.o [1]
  .text              ro code   0x800'349e     0x4  startup_stm32f746xx.o [1]
  .text              ro code   0x800'34a2     0x4  startup_stm32f746xx.o [1]
  .text              ro code   0x800'34a6     0x4  startup_stm32f746xx.o [1]
  .text              ro code   0x800'34aa     0x4  startup_stm32f746xx.o [1]
  .text              ro code   0x800'34ae     0x4  startup_stm32f746xx.o [1]
  .text              ro code   0x800'34b2     0x4  startup_stm32f746xx.o [1]
  .text              ro code   0x800'34b6     0x4  startup_stm32f746xx.o [1]
  .text              ro code   0x800'34ba     0x4  startup_stm32f746xx.o [1]
  .text              ro code   0x800'34be     0x4  startup_stm32f746xx.o [1]
  .text              ro code   0x800'34c2     0x4  startup_stm32f746xx.o [1]
  .text              ro code   0x800'34c6     0x4  startup_stm32f746xx.o [1]
  .text              ro code   0x800'34ca     0x4  startup_stm32f746xx.o [1]
  .text              ro code   0x800'34ce     0x4  startup_stm32f746xx.o [1]
  .text              ro code   0x800'34d2     0x4  startup_stm32f746xx.o [1]
  .text              ro code   0x800'34d6     0x4  startup_stm32f746xx.o [1]
  .text              ro code   0x800'34da     0x4  startup_stm32f746xx.o [1]
  .text              ro code   0x800'34de     0x4  startup_stm32f746xx.o [1]
  .text              ro code   0x800'34e2     0x4  startup_stm32f746xx.o [1]
  .text              ro code   0x800'34e6     0x4  startup_stm32f746xx.o [1]
  .text              ro code   0x800'34ea     0x4  startup_stm32f746xx.o [1]
  .text              ro code   0x800'34ee     0x4  startup_stm32f746xx.o [1]
  .text              ro code   0x800'34f2     0x4  startup_stm32f746xx.o [1]
  .text              ro code   0x800'34f6     0x4  startup_stm32f746xx.o [1]
  .text              ro code   0x800'34fa     0x4  startup_stm32f746xx.o [1]
  .text              ro code   0x800'34fe     0x4  startup_stm32f746xx.o [1]
  .text              ro code   0x800'3502     0x4  startup_stm32f746xx.o [1]
  .text              ro code   0x800'3506     0x4  startup_stm32f746xx.o [1]
  .text              ro code   0x800'350a     0x4  startup_stm32f746xx.o [1]
  .text              ro code   0x800'350e     0x4  startup_stm32f746xx.o [1]
  .text              ro code   0x800'3512     0x4  startup_stm32f746xx.o [1]
  .text              ro code   0x800'3516     0x4  startup_stm32f746xx.o [1]
  .text              ro code   0x800'351a     0x4  startup_stm32f746xx.o [1]
  .text              ro code   0x800'351e     0x4  startup_stm32f746xx.o [1]
  .text              ro code   0x800'3522     0x4  startup_stm32f746xx.o [1]
  .text              ro code   0x800'3526     0x4  startup_stm32f746xx.o [1]
  .text              ro code   0x800'352a     0x4  startup_stm32f746xx.o [1]
  .text              ro code   0x800'352e     0x4  startup_stm32f746xx.o [1]
  .text              ro code   0x800'3532     0x4  startup_stm32f746xx.o [1]
  .text              ro code   0x800'3536     0x4  startup_stm32f746xx.o [1]
  .text              ro code   0x800'353a     0x4  startup_stm32f746xx.o [1]
  .text              ro code   0x800'353e     0x4  startup_stm32f746xx.o [1]
  .text              ro code   0x800'3542     0x4  startup_stm32f746xx.o [1]
  .text              ro code   0x800'3546     0x4  startup_stm32f746xx.o [1]
  .text              ro code   0x800'354a     0x4  startup_stm32f746xx.o [1]
  .text              ro code   0x800'3550     0x0  cstart_closeall.o [4]
  .rodata            const     0x800'3550     0x0  zero_init3.o [4]
  .rodata            const     0x800'3550     0x0  lz77_init_single.o [4]
  Initializer bytes  const     0x800'3550    0x89  <for P2-1>
                             - 0x800'35d9  0x3411

"P2", part 1 of 3:                          0x190
  P2-1                        0x2000'0000   0x190  <Init block>
    .data            inited   0x2000'0000     0xc  stm32f7xx_hal.o [1]
    .data            inited   0x2000'000c     0x4  system_stm32f7xx.o [1]
    .data            inited   0x2000'0010    0x38  xlocale_c.o [2]
    .data            inited   0x2000'0048    0x48  xlocale_c.o [2]
    .data            inited   0x2000'0090    0x48  xfiles.o [2]
    .data            inited   0x2000'00d8    0x48  xfiles.o [2]
    .data            inited   0x2000'0120    0x48  xfiles.o [2]
    .data            inited   0x2000'0168    0x20  xfiles.o [2]
    .data            inited   0x2000'0188     0x8  XShttio.o [2]
                            - 0x2000'0190   0x190

"P2", part 2 of 3:                          0x174
  .bss               zero     0x2000'0190    0x80  XShHandles.o [2]
  .bss               zero     0x2000'0210    0x50  xfiles.o [2]
  .bss               zero     0x2000'0260    0x50  xfiles.o [2]
  .bss               zero     0x2000'02b0    0x40  main.o [1]
  .bss               zero     0x2000'02f0     0x8  heap0.o [2]
  .bss               zero     0x2000'02f8     0x4  xfail_s.o [2]
  .bss               zero     0x2000'02fc     0x4  xgetmemchunk.o [2]
  .bss               zero     0x2000'0300     0x1  XShttio.o [2]
                            - 0x2000'0301   0x171

"P2", part 3 of 3:                          0x600
  CSTACK                      0x2000'0308   0x400  <Block>
    CSTACK           uninit   0x2000'0308   0x400  <Block tail>
  HEAP                        0x2000'0708   0x200  <Block>
    HEAP             uninit   0x2000'0708   0x200  <Block tail>
                            - 0x2000'0908   0x600

Unused ranges:

         From           To      Size
         ----           --      ----
   0x800'35d9   0x80f'ffff  0xf'ca27
  0x2000'0304  0x2000'0307       0x4
  0x2000'0908  0x2004'ffff  0x4'f6f8


*******************************************************************************
*** INIT TABLE
***

          Address      Size
          -------      ----
Zero (__iar_zero_init3)
    1 destination range, total size 0x171:
          0x2000'0190  0x171

Copy/lz77 (__iar_lz77_init_single3)
    1 source range, total size 0x89 (34% of destination):
           0x800'3550   0x89
    1 destination range, total size 0x190:
          0x2000'0000  0x190



*******************************************************************************
*** MODULE SUMMARY
***

    Module                  ro code  ro data  rw data
    ------                  -------  -------  -------
command line/config:
    -------------------------------------------------
    Total:

C:\Users\Admin\Documents\text\TIM\EWARM\TIM\Obj: [1]
    main.o                      336                64
    startup_stm32f746xx.o       856
    stm32f7xx_hal.o             114        4       12
    stm32f7xx_hal_cortex.o      196
    stm32f7xx_hal_msp.o         100
    stm32f7xx_hal_pwr_ex.o      116
    stm32f7xx_hal_rcc.o       1 164
    stm32f7xx_hal_tim.o         974
    stm32f7xx_hal_tim_ex.o       98
    stm32f7xx_it.o               32
    system_stm32f7xx.o           96        1        4
    -------------------------------------------------
    Total:                    4 082        5       80

dl7M_tlf.a: [2]
    XShHandles.o                204               128
    XShttio.o                    60        3        9
    abort.o                       6
    exit.o                        4
    fclose.o                    126
    fflush.o                    172
    fputc.o                      84
    fseek.o                      36
    heap0.o                     320                 8
    heaptramp0.o                  4
    low_level_init.o              4
    printf.o                     40
    putchar.o                    12
    xcloseall.o                  60
    xencoding_8859_1.o           30
    xfail_s.o                    64                 4
    xfgpos.o                     12
    xfiles.o                              85      408
    xfofind.o                   140
    xfspos.o                    216
    xfwprep.o                   180
    xgetmemchunk.o               44                 4
    xlocale_c.o                 120       50      128
    xmbcurmax.o                  10
    xprintffull.o             3 910
    xprout.o                     22
    -------------------------------------------------
    Total:                    5 880      138      689

m7M_tls.a: [3]
    DblAdd.o                    362
    DblCmpGe.o                   46
    DblCmpLe.o                   46
    DblDiv.o                    582
    DblMul.o                    418
    DblSub.o                    226
    DblToS32.o                   58
    DblToU32.o                   40
    S32ToDbl.o                   34
    U32ToDbl.o                   26
    fpinit_M.o                   34
    frexp.o                     112
    ldexp.o                     314
    -------------------------------------------------
    Total:                    2 298

rt7M_tl.a: [4]
    ABImemclr4.o                  6
    ABImemcpy.o                 166
    ABImemset48.o                50
    I64DivMod_small.o           262
    I64DivZer.o                   2
    cexit.o                      14
    cmain.o                      30
    cstart_closeall.o
    cstartup_M.o                 12
    data_init.o                  40
    lz77_init_single.o          122
    memchr.o                     88
    strchr.o                     22
    strlen.o                     54
    zero_init3.o                 58
    -------------------------------------------------
    Total:                      926

shb_l.a: [5]
    close.o                      24
    dwrite.o                     30
    exit.o                       20
    iarttio.o                   128
    iarwrite.o                   34
    iarwstd.o                    32
    lseek.o                      74
    remove.o                     20
    write.o                      16
    -------------------------------------------------
    Total:                      378

    Gaps                         44        2
    Linker created                        32    1 536
-----------------------------------------------------
    Grand Total:             13 608      177    2 305


*******************************************************************************
*** ENTRY LIST
***

Entry                       Address   Size  Type      Object
-----                       -------   ----  ----      ------
.iar.init_table$$Base    0x800'3304          --   Gb  - Linker created -
.iar.init_table$$Limit   0x800'3324          --   Gb  - Linker created -
?main                    0x800'3355         Code  Gb  cmain.o [4]
AHBPrescTable            0x800'3218   0x10  Data  Gb  system_stm32f7xx.o [1]
Aldata                  0x2000'02f0    0x8  Data  Lc  heap0.o [2]
BusFault_Handler         0x800'332b    0x2  Code  Gb  stm32f7xx_it.o [1]
CSTACK$$Base            0x2000'0308          --   Gb  - Linker created -
CSTACK$$Limit           0x2000'0708          --   Gb  - Linker created -
CacheMore                0x800'118d   0x24  Code  Lc  xlocale_c.o [2]
DebugMon_Handler         0x800'3331    0x2  Code  Gb  stm32f7xx_it.o [1]
HAL_GetTick              0x800'2349    0xc  Code  Wk  stm32f7xx_hal.o [1]
HAL_IncTick              0x800'3345   0x10  Code  Wk  stm32f7xx_hal.o [1]
HAL_Init                 0x800'2a0d   0x16  Code  Gb  stm32f7xx_hal.o [1]
HAL_InitTick             0x800'2355   0x40  Code  Wk  stm32f7xx_hal.o [1]
HAL_MspInit              0x800'2821   0x2c  Code  Gb  stm32f7xx_hal_msp.o [1]
HAL_NVIC_EnableIRQ       0x800'2403   0x16  Code  Gb  stm32f7xx_hal_cortex.o [1]
HAL_NVIC_SetPriority     0x800'23c9   0x3a  Code  Gb  stm32f7xx_hal_cortex.o [1]
HAL_NVIC_SetPriorityGrouping
                         0x800'23af   0x1a  Code  Gb  stm32f7xx_hal_cortex.o [1]
HAL_PWREx_EnableOverDrive
                         0x800'2a89   0x46  Code  Gb  stm32f7xx_hal_pwr_ex.o [1]
HAL_RCC_ClockConfig      0x800'21cf   0xf8  Code  Gb  stm32f7xx_hal_rcc.o [1]
HAL_RCC_GetSysClockFreq
                         0x800'22db   0x4c  Code  Gb  stm32f7xx_hal_rcc.o [1]
HAL_RCC_OscConfig        0x800'1ebd  0x312  Code  Gb  stm32f7xx_hal_rcc.o [1]
HAL_SYSTICK_Config       0x800'2419   0x28  Code  Gb  stm32f7xx_hal_cortex.o [1]
HAL_TIMEx_Break2Callback
                         0x800'29db    0x2  Code  Wk  stm32f7xx_hal_tim_ex.o [1]
HAL_TIMEx_BreakCallback
                         0x800'29d9    0x2  Code  Wk  stm32f7xx_hal_tim_ex.o [1]
HAL_TIMEx_CommutCallback
                         0x800'29df    0x2  Code  Wk  stm32f7xx_hal_tim_ex.o [1]
HAL_TIMEx_MasterConfigSynchronization
                         0x800'2a2d   0x54  Code  Gb  stm32f7xx_hal_tim_ex.o [1]
HAL_TIM_Base_Init        0x800'2459   0x1a  Code  Gb  stm32f7xx_hal_tim.o [1]
HAL_TIM_Base_MspInit     0x800'284d   0x34  Code  Gb  stm32f7xx_hal_msp.o [1]
HAL_TIM_Base_Start_IT    0x800'2473   0x28  Code  Gb  stm32f7xx_hal_tim.o [1]
HAL_TIM_ConfigClockSource
                         0x800'2627   0x8e  Code  Gb  stm32f7xx_hal_tim.o [1]
HAL_TIM_IRQHandler       0x800'24c5  0x15c  Code  Gb  stm32f7xx_hal_tim.o [1]
HAL_TIM_PeriodElapsedCallback
                         0x800'2889    0x6  Code  Gb  main.o [1]
HEAP$$Base              0x2000'0708          --   Gb  - Linker created -
HEAP$$Limit             0x2000'0908          --   Gb  - Linker created -
HardFault_Handler        0x800'3327    0x2  Code  Gb  stm32f7xx_it.o [1]
LoadInt                  0x800'038b   0x7a  Code  Lc  xprintffull.o [2]
MemManage_Handler        0x800'3329    0x2  Code  Gb  stm32f7xx_it.o [1]
NMI_Handler              0x800'3325    0x2  Code  Gb  stm32f7xx_it.o [1]
PendSV_Handler           0x800'3333    0x2  Code  Gb  stm32f7xx_it.o [1]
Region$$Table$$Base      0x800'3304          --   Gb  - Linker created -
Region$$Table$$Limit     0x800'3324          --   Gb  - Linker created -
SVC_Handler              0x800'332f    0x2  Code  Gb  stm32f7xx_it.o [1]
SysTick_Handler          0x800'3335    0x4  Code  Gb  stm32f7xx_it.o [1]
SystemClock_Config       0x800'2929   0x8e  Code  Gb  main.o [1]
SystemCoreClock         0x2000'000c    0x4  Data  Gb  system_stm32f7xx.o [1]
SystemInit               0x800'31c9   0x3c  Code  Gb  system_stm32f7xx.o [1]
TIM2_IRQHandler          0x800'3339    0x6  Code  Gb  stm32f7xx_it.o [1]
TIM_Base_SetConfig       0x800'26e5   0x9e  Code  Gb  stm32f7xx_hal_tim.o [1]
TIM_ETR_SetConfig        0x800'280b   0x14  Code  Gb  stm32f7xx_hal_tim.o [1]
TIM_ITRx_SetConfig       0x800'27fb   0x10  Code  Lc  stm32f7xx_hal_tim.o [1]
TIM_TI1_ConfigInputStage
                         0x800'27b5   0x22  Code  Lc  stm32f7xx_hal_tim.o [1]
TIM_TI2_ConfigInputStage
                         0x800'27d7   0x24  Code  Lc  stm32f7xx_hal_tim.o [1]
UsageFault_Handler       0x800'332d    0x2  Code  Gb  stm32f7xx_it.o [1]
_Close_all               0x800'327d   0x3c  Code  Gb  xcloseall.o [2]
_Encoding_8859_1_Mbrlen
                         0x800'12d9    0x2  Code  Gb  xencoding_8859_1.o [2]
_Encoding_8859_1_Wctomb
                         0x800'12c7   0x12  Code  Gb  xencoding_8859_1.o [2]
_Files                  0x2000'0168   0x20  Data  Gb  xfiles.o [2]
_Fofree                  0x800'308d   0x86  Code  Gb  xfofind.o [2]
_Fspos                   0x800'2c9d   0xd8  Code  Gb  xfspos.o [2]
_Fwprep                  0x800'2fb5   0xb4  Code  Gb  xfwprep.o [2]
_GenldFull               0x800'0de9  0x274  Code  Lc  xprintffull.o [2]
_LdtobFull               0x800'09e5  0x3d6  Code  Lc  xprintffull.o [2]
_LitobFull               0x800'0895  0x10a  Code  Lc  xprintffull.o [2]
_Locale_lconv           0x2000'0010   0x38  Data  Lc  xlocale_c.o [2]
_Nnl                     0x800'2e21    0xc  Code  Gb  xfgpos.o [2]
_PrintfFull              0x800'01c9  0x1aa  Code  Gb  xprintffull.o [2]
_Prout                   0x800'338b   0x16  Code  Gb  xprout.o [2]
_PutcharsFull            0x800'105d   0x2e  Code  Lc  xprintffull.o [2]
_PutfldFull              0x800'0405  0x2d4  Code  Lc  xprintffull.o [2]
_PutstrFull              0x800'07cf   0xc6  Code  Lc  xprintffull.o [2]
_PuttxtFull              0x800'06d9   0xf6  Code  Lc  xprintffull.o [2]
__NVIC_SetPriority       0x800'2395   0x1a  Code  Lc  stm32f7xx_hal_cortex.o [1]
__aeabi_cdcmple          0x800'170d         Code  Gb  DblCmpLe.o [3]
__aeabi_cdrcmple         0x800'173d         Code  Gb  DblCmpGe.o [3]
__aeabi_d2iz             0x800'18a9         Code  Gb  DblToS32.o [3]
__aeabi_d2uiz            0x800'1c35         Code  Gb  DblToU32.o [3]
__aeabi_ddiv             0x800'19ed         Code  Gb  DblDiv.o [3]
__aeabi_dmul             0x800'14f9         Code  Gb  DblMul.o [3]
__aeabi_dsub             0x800'1909         Code  Gb  DblSub.o [3]
__aeabi_i2d              0x800'18e5         Code  Gb  S32ToDbl.o [3]
__aeabi_ldiv0            0x800'1c7d         Code  Gb  I64DivZer.o [4]
__aeabi_memclr4          0x800'2a25         Code  Gb  ABImemclr4.o [4]
__aeabi_memcpy           0x800'1349         Code  Gb  ABImemcpy.o [4]
__aeabi_memcpy4          0x800'1369         Code  Gb  ABImemcpy.o [4]
__aeabi_memcpy8          0x800'1369         Code  Gb  ABImemcpy.o [4]
__aeabi_ui2d             0x800'1c5d         Code  Gb  U32ToDbl.o [3]
__basic_free             0x800'2bdd   0x16  Code  Gb  heap0.o [2]
__basic_free_intern      0x800'2bf3   0x7a  Code  Lc  heap0.o [2]
__basic_malloc           0x800'2b31   0x18  Code  Gb  heap0.o [2]
__basic_malloc_intern    0x800'2b49   0x94  Code  Lc  heap0.o [2]
__cexit_closeall         0x800'337f         Code  Gb  cexit.o [4]
__close                  0x800'319b   0x18  Code  Gb  close.o [5]
__cmain                  0x800'3355         Code  Gb  cmain.o [4]
__cstart_closeall        0x800'3550         Data  Gb  cstart_closeall.o [4]
__data_GetMemChunk       0x800'2c71   0x2c  Code  Gb  xgetmemchunk.o [2]
__data_GetMemChunk::start
                        0x2000'02fc    0x4  Data  Lc  xgetmemchunk.o [2]
__dwrite                 0x800'2f55   0x1e  Code  Gb  dwrite.o [5]
__exit                   0x800'1ded   0x14  Code  Gb  exit.o [5]
__iar_Fail_s             0x800'1251   0x1c  Code  Gb  xfail_s.o [2]
__iar_Mbcurmax           0x800'133d    0xa  Code  Gb  xmbcurmax.o [2]
__iar_Memchr             0x800'12e5         Code  Gb  memchr.o [4]
__iar_Memset4_word       0x800'2afd         Code  Gb  ABImemset48.o [4]
__iar_Memset8_word       0x800'2afd         Code  Gb  ABImemset48.o [4]
__iar_Stderr            0x2000'0120   0x48  Data  Gb  xfiles.o [2]
__iar_Stdin             0x2000'0090   0x48  Data  Gb  xfiles.o [2]
__iar_Stdout            0x2000'00d8   0x48  Data  Gb  xfiles.o [2]
__iar_Strchr             0x800'1201         Code  Gb  strchr.o [4]
__iar_close_ttio         0x800'1e01   0x2e  Code  Gb  iarttio.o [5]
__iar_dadd               0x800'1919         Code  Gb  DblSub.o [3]
__iar_data_init3         0x800'32b9   0x28  Code  Gb  data_init.o [4]
__iar_dsub               0x800'1c81         Code  Gb  DblAdd.o [3]
__iar_dsubStart          0x800'1c93         Code  Gb  DblAdd.o [3]
__iar_frexp              0x800'16a9         Code  Gb  frexp.o [3]
__iar_frexpl             0x800'16a9         Code  Gb  frexp.o [3]
__iar_get_ttio           0x800'1e31   0x4c  Code  Gb  iarttio.o [5]
__iar_globLocale        0x2000'0048   0x48  Data  Lc  xlocale_c.o [2]
__iar_global_Locale      0x800'1189    0x4  Code  Gb  xlocale_c.o [2]
__iar_init_vfp           0x800'32e1         Code  Gb  fpinit_M.o [3]
__iar_ldexp64            0x800'176d         Code  Gb  ldexp.o [3]
__iar_lookup_ttioh       0x800'1eaf    0x4  Code  Gb  XShttio.o [2]
__iar_lz77_init_single3
                         0x800'110f   0x7a  Code  Gb  lz77_init_single.o [4]
__iar_program_start      0x800'33bd         Code  Gb  cstartup_M.o [4]
__iar_scalbln64          0x800'176d         Code  Gb  ldexp.o [3]
__iar_scalbn64           0x800'176d         Code  Gb  ldexp.o [3]
__iar_sh_Discard         0x800'2e89   0x42  Code  Gb  XShHandles.o [2]
__iar_sh_Move            0x800'2ecb   0x46  Code  Gb  XShHandles.o [2]
__iar_sh_Pos             0x800'2f11   0x3e  Code  Gb  XShHandles.o [2]
__iar_sh_stdout          0x800'2f73   0x20  Code  Gb  iarwstd.o [5]
__iar_sh_write           0x800'2f93   0x22  Code  Gb  iarwrite.o [5]
__iar_small_uldivmod     0x800'13f1         Code  Gb  I64DivMod_small.o [4]
__iar_softfp___iar_frexp64
                         0x800'169d         Code  Gb  frexp.o [3]
__iar_softfp_frexp       0x800'169d         Code  Gb  frexp.o [3]
__iar_softfp_frexpl      0x800'169d         Code  Gb  frexp.o [3]
__iar_ttio_guard_lock    0x800'1e81   0x1e  Code  Gb  XShttio.o [2]
__iar_ttio_guard_unlock
                         0x800'1e9f   0x10  Code  Gb  XShttio.o [2]
__iar_ttio_handles      0x2000'0188    0x8  Data  Lc  XShttio.o [2]
__iar_zero_init3         0x800'1217   0x3a  Code  Gb  zero_init3.o [4]
__low_level_init         0x800'3373    0x4  Code  Gb  low_level_init.o [2]
__lseek                  0x800'2e2d   0x4a  Code  Gb  lseek.o [5]
__vector_table           0x800'0000         Data  Gb  startup_stm32f746xx.o [1]
__write                  0x800'2e77   0x10  Code  Gb  write.o [5]
_call_main               0x800'3361         Code  Gb  cmain.o [4]
_exit                    0x800'337d         Code  Gb  cexit.o [4]
_gLocale_mblen           0x800'11ed    0x4  Code  Gb  xlocale_c.o [2]
_gLocale_mblenInt        0x800'11b1   0x2c  Code  Gb  xlocale_c.o [2]
_gLocale_wctomb          0x800'11f1    0x4  Code  Gb  xlocale_c.o [2]
_gLocale_wctombInt       0x800'11e9    0x4  Code  Gb  xlocale_c.o [2]
_main                    0x800'336f         Code  Gb  cmain.o [4]
abort                    0x800'1c77    0x6  Code  Gb  abort.o [2]
ebuf                    0x2000'0210   0x50  Data  Lc  xfiles.o [2]
exit                     0x800'3377    0x4  Code  Gb  exit.o [2]
fclose                   0x800'311d   0x7e  Code  Gb  fclose.o [2]
fflush                   0x800'2de9   0x34  Code  Gb  fflush.o [2]
fflushOne                0x800'2d75   0x74  Code  Lc  fflush.o [2]
fputc                    0x800'3229   0x54  Code  Gb  fputc.o [2]
free                     0x800'3119    0x4  Code  Gb  heaptramp0.o [2]
fseek                    0x800'3069   0x24  Code  Gb  fseek.o [2]
htim2                   0x2000'02b0   0x40  Data  Gb  main.o [1]
ldexp                    0x800'176d         Code  Gb  ldexp.o [3]
ldexpl                   0x800'176d         Code  Gb  ldexp.o [3]
localeconv               0x800'11f5    0x4  Code  Gb  xlocale_c.o [2]
main                     0x800'288f   0x9a  Code  Gb  main.o [1]
memchr                   0x800'12e5         Code  Gb  memchr.o [4]
obuf                    0x2000'0260   0x50  Data  Lc  xfiles.o [2]
printf                   0x800'29e5   0x28  Code  Gb  printf.o [2]
putchar                  0x800'33a1    0xc  Code  Gb  putchar.o [2]
remove                   0x800'31b3   0x14  Code  Gb  remove.o [5]
sFileInfo               0x2000'0190   0x80  Data  Lc  XShHandles.o [2]
scalbln                  0x800'176d         Code  Gb  ldexp.o [3]
scalblnl                 0x800'176d         Code  Gb  ldexp.o [3]
scalbn                   0x800'176d         Code  Gb  ldexp.o [3]
scalbnl                  0x800'176d         Code  Gb  ldexp.o [3]
scale                    0x800'099f   0x46  Code  Lc  xprintffull.o [2]
sec_hand                0x2000'02f8    0x4  Data  Lc  xfail_s.o [2]
strchr                   0x800'1201         Code  Gb  strchr.o [4]
strlen                   0x800'1291         Code  Gb  strlen.o [4]
ttio_guard              0x2000'0300    0x1  Data  Lc  XShttio.o [2]
uwTick                  0x2000'0004    0x4  Data  Gb  stm32f7xx_hal.o [1]
uwTickFreq              0x2000'0000    0x1  Data  Gb  stm32f7xx_hal.o [1]
uwTickPrio              0x2000'0008    0x4  Data  Gb  stm32f7xx_hal.o [1]


[1] = C:\Users\Admin\Documents\text\TIM\EWARM\TIM\Obj
[2] = dl7M_tlf.a
[3] = m7M_tls.a
[4] = rt7M_tl.a
[5] = shb_l.a

  13 608 bytes of readonly  code memory
     177 bytes of readonly  data memory
   2 305 bytes of readwrite data memory

Errors: none
Warnings: none
