###############################################################################
#
# IAR ELF Linker V8.32.1.169/W32 for ARM                  19/Mar/2020  22:49:38
# Copyright 2007-2018 IAR Systems AB.
#
#    Output file  =  C:\Users\Admin\Documents\ARM\TIM\EWARM\TIM\Exe\TIM.out
#    Map file     =  C:\Users\Admin\Documents\ARM\TIM\EWARM\TIM\List\TIM.map
#    Command line =  
#        -f C:\Users\Admin\AppData\Local\Temp\EW27F6.tmp
#        (C:\Users\Admin\Documents\ARM\TIM\EWARM\TIM\Obj\main.o
#        C:\Users\Admin\Documents\ARM\TIM\EWARM\TIM\Obj\startup_stm32f103xe.o
#        C:\Users\Admin\Documents\ARM\TIM\EWARM\TIM\Obj\stm32f1xx_hal.o
#        C:\Users\Admin\Documents\ARM\TIM\EWARM\TIM\Obj\stm32f1xx_hal_cortex.o
#        C:\Users\Admin\Documents\ARM\TIM\EWARM\TIM\Obj\stm32f1xx_hal_dma.o
#        C:\Users\Admin\Documents\ARM\TIM\EWARM\TIM\Obj\stm32f1xx_hal_exti.o
#        C:\Users\Admin\Documents\ARM\TIM\EWARM\TIM\Obj\stm32f1xx_hal_flash.o
#        C:\Users\Admin\Documents\ARM\TIM\EWARM\TIM\Obj\stm32f1xx_hal_flash_ex.o
#        C:\Users\Admin\Documents\ARM\TIM\EWARM\TIM\Obj\stm32f1xx_hal_gpio.o
#        C:\Users\Admin\Documents\ARM\TIM\EWARM\TIM\Obj\stm32f1xx_hal_gpio_ex.o
#        C:\Users\Admin\Documents\ARM\TIM\EWARM\TIM\Obj\stm32f1xx_hal_msp.o
#        C:\Users\Admin\Documents\ARM\TIM\EWARM\TIM\Obj\stm32f1xx_hal_pwr.o
#        C:\Users\Admin\Documents\ARM\TIM\EWARM\TIM\Obj\stm32f1xx_hal_rcc.o
#        C:\Users\Admin\Documents\ARM\TIM\EWARM\TIM\Obj\stm32f1xx_hal_rcc_ex.o
#        C:\Users\Admin\Documents\ARM\TIM\EWARM\TIM\Obj\stm32f1xx_hal_tim.o
#        C:\Users\Admin\Documents\ARM\TIM\EWARM\TIM\Obj\stm32f1xx_hal_tim_ex.o
#        C:\Users\Admin\Documents\ARM\TIM\EWARM\TIM\Obj\stm32f1xx_it.o
#        C:\Users\Admin\Documents\ARM\TIM\EWARM\TIM\Obj\system_stm32f1xx.o
#        --redirect _Printf=_PrintfFull --redirect _Scanf=_ScanfFull
#        --no_out_extension -o
#        C:\Users\Admin\Documents\ARM\TIM\EWARM\TIM\Exe\TIM.out --map
#        C:\Users\Admin\Documents\ARM\TIM\EWARM\TIM\List\TIM.map --config
#        C:\Users\Admin\Documents\ARM\TIM\EWARM/stm32f103xe_flash.icf
#        --semihosting --entry __iar_program_start --vfe --text_out locale)
#
###############################################################################

*******************************************************************************
*** RUNTIME MODEL ATTRIBUTES
***

CppFlavor       = *
__SystemLibrary = DLib
__dlib_version  = 6


*******************************************************************************
*** HEAP SELECTION
***

The basic heap was selected because no calls to memory allocation
functions were found in the application outside of system library
functions, and there are calls to deallocation functions in the
application.


*******************************************************************************
*** PLACEMENT SUMMARY
***

"A0":  place at 0x800'0000 { ro section .intvec };
"P1":  place in [from 0x800'0000 to 0x807'ffff] { ro };
define block CSTACK with size = 1K, alignment = 8 { };
define block HEAP with size = 512, alignment = 8 { };
"P2":  place in [from 0x2000'0000 to 0x2000'ffff] {
          rw, block CSTACK, block HEAP };
initialize by copy { rw };

  Section            Kind         Address   Size  Object
  -------            ----         -------   ----  ------
"A0":                                      0x130
  .intvec            ro code   0x800'0000  0x130  startup_stm32f103xe.o [1]
                             - 0x800'0130  0x130

"P1":                                      0xfe1
  .text              ro code   0x800'0130  0x4a2  stm32f1xx_hal_rcc.o [1]
  .text              ro code   0x800'05d4    0xc  stm32f1xx_hal.o [1]
  .text              ro code   0x800'05e0   0x40  stm32f1xx_hal.o [1]
  .text              ro code   0x800'0620   0xc4  stm32f1xx_hal_cortex.o [1]
  .text              ro code   0x800'06e4  0x358  stm32f1xx_hal_tim.o [1]
  .text              ro code   0x800'0a3c   0x7c  stm32f1xx_hal_msp.o [1]
  .text              ro code   0x800'0ab8    0x2  stm32f1xx_hal_tim.o [1]
  .text              ro code   0x800'0aba    0x2  stm32f1xx_hal_tim.o [1]
  .text              ro code   0x800'0abc  0x16c  main.o [1]
  .text              ro code   0x800'0c28    0x2  stm32f1xx_hal_tim_ex.o [1]
  .text              ro code   0x800'0c2a    0x2  stm32f1xx_hal_tim.o [1]
  .text              ro code   0x800'0c2c    0x2  stm32f1xx_hal_tim_ex.o [1]
  .text              ro code   0x800'0c2e    0x2  stm32f1xx_hal_tim.o [1]
  .text              ro code   0x800'0c30  0x1e8  stm32f1xx_hal_gpio.o [1]
  .text              ro code   0x800'0e18   0x24  stm32f1xx_hal.o [1]
  .text              ro code   0x800'0e3c    0x6  ABImemclr4.o [3]
  .text              ro code   0x800'0e44   0x3e  stm32f1xx_hal_tim_ex.o [1]
  .text              ro code   0x800'0e84   0x32  ABImemset48.o [3]
  .text              ro code   0x800'0eb8   0x5c  system_stm32f1xx.o [1]
  .text              ro code   0x800'0f14   0x38  packbits_init_single.o [3]
  .text              ro code   0x800'0f4c   0x28  data_init.o [3]
  .iar.init_table    const     0x800'0f74   0x10  - Linker created -
  .text              ro code   0x800'0f84   0x20  stm32f1xx_it.o [1]
  .text              ro code   0x800'0fa4   0x10  stm32f1xx_hal.o [1]
  .text              ro code   0x800'0fb4   0x1e  cmain.o [3]
  .text              ro code   0x800'0fd2    0x4  low_level_init.o [2]
  .text              ro code   0x800'0fd6    0x4  exit.o [2]
  .text              ro code   0x800'0fdc    0xa  cexit.o [3]
  .text              ro code   0x800'0fe8   0x14  exit.o [4]
  .text              ro code   0x800'0ffc   0x10  startup_stm32f103xe.o [1]
  .text              ro code   0x800'100c    0xc  cstartup_M.o [3]
  .text              ro code   0x800'1018    0x4  startup_stm32f103xe.o [1]
  .text              ro code   0x800'101c    0x4  startup_stm32f103xe.o [1]
  .text              ro code   0x800'1020    0x4  startup_stm32f103xe.o [1]
  .text              ro code   0x800'1024    0x4  startup_stm32f103xe.o [1]
  .text              ro code   0x800'1028    0x4  startup_stm32f103xe.o [1]
  .text              ro code   0x800'102c    0x4  startup_stm32f103xe.o [1]
  .text              ro code   0x800'1030    0x4  startup_stm32f103xe.o [1]
  .text              ro code   0x800'1034    0x4  startup_stm32f103xe.o [1]
  .text              ro code   0x800'1038    0x4  startup_stm32f103xe.o [1]
  .text              ro code   0x800'103c    0x4  startup_stm32f103xe.o [1]
  .text              ro code   0x800'1040    0x4  startup_stm32f103xe.o [1]
  .text              ro code   0x800'1044    0x4  startup_stm32f103xe.o [1]
  .text              ro code   0x800'1048    0x4  startup_stm32f103xe.o [1]
  .text              ro code   0x800'104c    0x4  startup_stm32f103xe.o [1]
  .text              ro code   0x800'1050    0x4  startup_stm32f103xe.o [1]
  .text              ro code   0x800'1054    0x4  startup_stm32f103xe.o [1]
  .text              ro code   0x800'1058    0x4  startup_stm32f103xe.o [1]
  .text              ro code   0x800'105c    0x4  startup_stm32f103xe.o [1]
  .text              ro code   0x800'1060    0x4  startup_stm32f103xe.o [1]
  .text              ro code   0x800'1064    0x4  startup_stm32f103xe.o [1]
  .text              ro code   0x800'1068    0x4  startup_stm32f103xe.o [1]
  .text              ro code   0x800'106c    0x4  startup_stm32f103xe.o [1]
  .text              ro code   0x800'1070    0x4  startup_stm32f103xe.o [1]
  .text              ro code   0x800'1074    0x4  startup_stm32f103xe.o [1]
  .text              ro code   0x800'1078    0x4  startup_stm32f103xe.o [1]
  .text              ro code   0x800'107c    0x4  startup_stm32f103xe.o [1]
  .text              ro code   0x800'1080    0x4  startup_stm32f103xe.o [1]
  .text              ro code   0x800'1084    0x4  startup_stm32f103xe.o [1]
  .text              ro code   0x800'1088    0x4  startup_stm32f103xe.o [1]
  .text              ro code   0x800'108c    0x4  startup_stm32f103xe.o [1]
  .text              ro code   0x800'1090    0x4  startup_stm32f103xe.o [1]
  .text              ro code   0x800'1094    0x4  startup_stm32f103xe.o [1]
  .text              ro code   0x800'1098    0x4  startup_stm32f103xe.o [1]
  .text              ro code   0x800'109c    0x4  startup_stm32f103xe.o [1]
  .text              ro code   0x800'10a0    0x4  startup_stm32f103xe.o [1]
  .text              ro code   0x800'10a4    0x4  startup_stm32f103xe.o [1]
  .text              ro code   0x800'10a8    0x4  startup_stm32f103xe.o [1]
  .text              ro code   0x800'10ac    0x4  startup_stm32f103xe.o [1]
  .text              ro code   0x800'10b0    0x4  startup_stm32f103xe.o [1]
  .text              ro code   0x800'10b4    0x4  startup_stm32f103xe.o [1]
  .text              ro code   0x800'10b8    0x4  startup_stm32f103xe.o [1]
  .text              ro code   0x800'10bc    0x4  startup_stm32f103xe.o [1]
  .text              ro code   0x800'10c0    0x4  startup_stm32f103xe.o [1]
  .text              ro code   0x800'10c4    0x4  startup_stm32f103xe.o [1]
  .text              ro code   0x800'10c8    0x4  startup_stm32f103xe.o [1]
  .text              ro code   0x800'10cc    0x4  startup_stm32f103xe.o [1]
  .text              ro code   0x800'10d0    0x4  startup_stm32f103xe.o [1]
  .text              ro code   0x800'10d4    0x4  startup_stm32f103xe.o [1]
  .text              ro code   0x800'10d8    0x4  startup_stm32f103xe.o [1]
  .text              ro code   0x800'10dc    0x4  startup_stm32f103xe.o [1]
  .text              ro code   0x800'10e0    0x4  startup_stm32f103xe.o [1]
  .text              ro code   0x800'10e4    0x4  startup_stm32f103xe.o [1]
  .text              ro code   0x800'10e8    0x4  startup_stm32f103xe.o [1]
  .text              ro code   0x800'10ec    0x4  startup_stm32f103xe.o [1]
  .text              ro code   0x800'10f0    0x4  startup_stm32f103xe.o [1]
  .text              ro code   0x800'10f4    0x4  startup_stm32f103xe.o [1]
  .text              ro code   0x800'10f8    0x4  startup_stm32f103xe.o [1]
  .text              ro code   0x800'10fc    0x4  startup_stm32f103xe.o [1]
  .text              ro code   0x800'1100    0x4  startup_stm32f103xe.o [1]
  .rodata            const     0x800'1104    0x0  packbits_init_single.o [3]
  Initializer bytes  const     0x800'1104    0xd  <for P2-1>
                             - 0x800'1111  0xfe1

"P2", part 1 of 2:                          0x50
  P2-1                        0x2000'0000   0x50  <Init block>
    .data            inited   0x2000'0000    0xc  stm32f1xx_hal.o [1]
    .data            inited   0x2000'000c    0x4  system_stm32f1xx.o [1]
    .bss             inited   0x2000'0010   0x40  main.o [1]
                            - 0x2000'0050   0x50

"P2", part 2 of 2:                         0x400
  CSTACK                      0x2000'0050  0x400  <Block>
    CSTACK           uninit   0x2000'0050  0x400  <Block tail>
                            - 0x2000'0450  0x400

Unused ranges:

         From           To      Size
         ----           --      ----
   0x800'1111   0x807'ffff  0x7'eeef
  0x2000'0450  0x2000'ffff    0xfbb0


*******************************************************************************
*** INIT TABLE
***

          Address      Size
          -------      ----
Copy/packbits (__iar_packbits_init_single3)
    1 source range, total size 0xd (16% of destination):
           0x800'1104   0xd
    1 destination range, total size 0x50:
          0x2000'0000  0x50



*******************************************************************************
*** MODULE SUMMARY
***

    Module                  ro code  ro data  rw data
    ------                  -------  -------  -------
command line/config:
    -------------------------------------------------
    Total:

C:\Users\Admin\Documents\ARM\TIM\EWARM\TIM\Obj: [1]
    main.o                      364       11       64
    startup_stm32f103xe.o       556
    stm32f1xx_hal.o             128        1       12
    stm32f1xx_hal_cortex.o      196
    stm32f1xx_hal_gpio.o        488
    stm32f1xx_hal_msp.o         124
    stm32f1xx_hal_rcc.o       1 186
    stm32f1xx_hal_tim.o         864
    stm32f1xx_hal_tim_ex.o       66
    stm32f1xx_it.o               32
    system_stm32f1xx.o           92        1        4
    -------------------------------------------------
    Total:                    4 096       13       80

dl7M_tlf.a: [2]
    exit.o                        4
    low_level_init.o              4
    -------------------------------------------------
    Total:                        8

rt7M_tl.a: [3]
    ABImemclr4.o                  6
    ABImemset48.o                50
    cexit.o                      10
    cmain.o                      30
    cstartup_M.o                 12
    data_init.o                  40
    packbits_init_single.o       56
    -------------------------------------------------
    Total:                      204

shb_l.a: [4]
    exit.o                       20
    -------------------------------------------------
    Total:                       20

    Gaps                         12
    Linker created                        16    1 024
-----------------------------------------------------
    Grand Total:              4 340       29    1 104


*******************************************************************************
*** ENTRY LIST
***

Entry                       Address   Size  Type      Object
-----                       -------   ----  ----      ------
.iar.init_table$$Base    0x800'0f74          --   Gb  - Linker created -
.iar.init_table$$Limit   0x800'0f84          --   Gb  - Linker created -
?main                    0x800'0fb5         Code  Gb  cmain.o [3]
AHBPrescTable            0x800'0f04   0x10  Data  Gb  system_stm32f1xx.o [1]
BusFault_Handler         0x800'0f8b    0x2  Code  Gb  stm32f1xx_it.o [1]
CSTACK$$Base            0x2000'0050          --   Gb  - Linker created -
CSTACK$$Limit           0x2000'0450          --   Gb  - Linker created -
DebugMon_Handler         0x800'0f91    0x2  Code  Gb  stm32f1xx_it.o [1]
HAL_GPIO_Init            0x800'0c31  0x194  Code  Gb  stm32f1xx_hal_gpio.o [1]
HAL_GPIO_TogglePin       0x800'0dcd    0xe  Code  Gb  stm32f1xx_hal_gpio.o [1]
HAL_GPIO_WritePin        0x800'0dc5    0x8  Code  Gb  stm32f1xx_hal_gpio.o [1]
HAL_GetTick              0x800'05d5    0xc  Code  Wk  stm32f1xx_hal.o [1]
HAL_IncTick              0x800'0fa5   0x10  Code  Wk  stm32f1xx_hal.o [1]
HAL_Init                 0x800'0e19   0x20  Code  Gb  stm32f1xx_hal.o [1]
HAL_InitTick             0x800'05e1   0x40  Code  Wk  stm32f1xx_hal.o [1]
HAL_MspInit              0x800'0a3d   0x3a  Code  Gb  stm32f1xx_hal_msp.o [1]
HAL_NVIC_EnableIRQ       0x800'068f   0x16  Code  Gb  stm32f1xx_hal_cortex.o [1]
HAL_NVIC_SetPriority     0x800'0655   0x3a  Code  Gb  stm32f1xx_hal_cortex.o [1]
HAL_NVIC_SetPriorityGrouping
                         0x800'063b   0x1a  Code  Gb  stm32f1xx_hal_cortex.o [1]
HAL_RCC_ClockConfig      0x800'0451   0xf4  Code  Gb  stm32f1xx_hal_rcc.o [1]
HAL_RCC_GetSysClockFreq
                         0x800'0559   0x3a  Code  Gb  stm32f1xx_hal_rcc.o [1]
HAL_RCC_GetSysClockFreq::aPLLMULFactorTable
                         0x800'05c0   0x10  Data  Lc  stm32f1xx_hal_rcc.o [1]
HAL_RCC_GetSysClockFreq::aPredivFactorTable
                         0x800'05d0    0x2  Data  Lc  stm32f1xx_hal_rcc.o [1]
HAL_RCC_OscConfig        0x800'0131  0x318  Code  Gb  stm32f1xx_hal_rcc.o [1]
HAL_SYSTICK_Config       0x800'06a5   0x28  Code  Gb  stm32f1xx_hal_cortex.o [1]
HAL_TIMEx_BreakCallback
                         0x800'0c29    0x2  Code  Wk  stm32f1xx_hal_tim_ex.o [1]
HAL_TIMEx_CommutCallback
                         0x800'0c2d    0x2  Code  Wk  stm32f1xx_hal_tim_ex.o [1]
HAL_TIMEx_MasterConfigSynchronization
                         0x800'0e45   0x3e  Code  Gb  stm32f1xx_hal_tim_ex.o [1]
HAL_TIM_Base_Init        0x800'06e5   0x1a  Code  Gb  stm32f1xx_hal_tim.o [1]
HAL_TIM_Base_MspInit     0x800'0a77   0x34  Code  Gb  stm32f1xx_hal_msp.o [1]
HAL_TIM_Base_Start_IT    0x800'06ff   0x20  Code  Gb  stm32f1xx_hal_tim.o [1]
HAL_TIM_ConfigClockSource
                         0x800'088b   0x90  Code  Gb  stm32f1xx_hal_tim.o [1]
HAL_TIM_IRQHandler       0x800'0743  0x142  Code  Gb  stm32f1xx_hal_tim.o [1]
HAL_TIM_PeriodElapsedCallback
                         0x800'0abd   0x16  Code  Gb  main.o [1]
HardFault_Handler        0x800'0f87    0x2  Code  Gb  stm32f1xx_it.o [1]
MemManage_Handler        0x800'0f89    0x2  Code  Gb  stm32f1xx_it.o [1]
NMI_Handler              0x800'0f85    0x2  Code  Gb  stm32f1xx_it.o [1]
PendSV_Handler           0x800'0f93    0x2  Code  Gb  stm32f1xx_it.o [1]
Region$$Table$$Base      0x800'0f74          --   Gb  - Linker created -
Region$$Table$$Limit     0x800'0f84          --   Gb  - Linker created -
SVC_Handler              0x800'0f8f    0x2  Code  Gb  stm32f1xx_it.o [1]
SysTick_Handler          0x800'0f95    0x4  Code  Gb  stm32f1xx_it.o [1]
SystemClock_Config       0x800'0bdd   0x42  Code  Gb  main.o [1]
SystemCoreClock         0x2000'000c    0x4  Data  Gb  system_stm32f1xx.o [1]
SystemInit               0x800'0eb9   0x3c  Code  Gb  system_stm32f1xx.o [1]
TIM2_IRQHandler          0x800'0f99    0x6  Code  Gb  stm32f1xx_it.o [1]
TIM_Base_SetConfig       0x800'0945   0x74  Code  Gb  stm32f1xx_hal_tim.o [1]
TIM_ETR_SetConfig        0x800'0a23   0x14  Code  Gb  stm32f1xx_hal_tim.o [1]
TIM_ITRx_SetConfig       0x800'0a13   0x10  Code  Lc  stm32f1xx_hal_tim.o [1]
TIM_TI1_ConfigInputStage
                         0x800'09d1   0x1e  Code  Lc  stm32f1xx_hal_tim.o [1]
TIM_TI2_ConfigInputStage
                         0x800'09ef   0x24  Code  Lc  stm32f1xx_hal_tim.o [1]
UsageFault_Handler       0x800'0f8d    0x2  Code  Gb  stm32f1xx_it.o [1]
__NVIC_SetPriority       0x800'0621   0x1a  Code  Lc  stm32f1xx_hal_cortex.o [1]
__aeabi_memclr4          0x800'0e3d         Code  Gb  ABImemclr4.o [3]
__cmain                  0x800'0fb5         Code  Gb  cmain.o [3]
__exit                   0x800'0fe9   0x14  Code  Gb  exit.o [4]
__iar_Memset4_word       0x800'0e85         Code  Gb  ABImemset48.o [3]
__iar_Memset8_word       0x800'0e85         Code  Gb  ABImemset48.o [3]
__iar_data_init3         0x800'0f4d   0x28  Code  Gb  data_init.o [3]
__iar_packbits_init_single3
                         0x800'0f15   0x38  Code  Gb  packbits_init_single.o [3]
__iar_program_start      0x800'100d         Code  Gb  cstartup_M.o [3]
__low_level_init         0x800'0fd3    0x4  Code  Gb  low_level_init.o [2]
__vector_table           0x800'0000         Data  Gb  startup_stm32f103xe.o [1]
_call_main               0x800'0fc1         Code  Gb  cmain.o [3]
_exit                    0x800'0fdd         Code  Gb  cexit.o [3]
_main                    0x800'0fcf         Code  Gb  cmain.o [3]
exit                     0x800'0fd7    0x4  Code  Gb  exit.o [2]
htim2                   0x2000'0010   0x40  Data  Gb  main.o [1]
main                     0x800'0ad5   0xe4  Code  Gb  main.o [1]
uwTick                  0x2000'0004    0x4  Data  Gb  stm32f1xx_hal.o [1]
uwTickFreq              0x2000'0000    0x1  Data  Gb  stm32f1xx_hal.o [1]
uwTickPrio              0x2000'0008    0x4  Data  Gb  stm32f1xx_hal.o [1]


[1] = C:\Users\Admin\Documents\ARM\TIM\EWARM\TIM\Obj
[2] = dl7M_tlf.a
[3] = rt7M_tl.a
[4] = shb_l.a

  4 340 bytes of readonly  code memory
     29 bytes of readonly  data memory
  1 104 bytes of readwrite data memory

Errors: none
Warnings: none
