###############################################################################
#
# IAR ELF Linker V8.32.1.169/W32 for ARM                  23/Mar/2020  16:17:24
# Copyright 2007-2018 IAR Systems AB.
#
#    Output file  =  C:\Users\Admin\Documents\ARM\ADC\EWARM\ADC\Exe\ADC.out
#    Map file     =  C:\Users\Admin\Documents\ARM\ADC\EWARM\ADC\List\ADC.map
#    Command line =  
#        -f C:\Users\Admin\AppData\Local\Temp\EW68BB.tmp
#        (C:\Users\Admin\Documents\ARM\ADC\EWARM\ADC\Obj\main.o
#        C:\Users\Admin\Documents\ARM\ADC\EWARM\ADC\Obj\startup_stm32f103xe.o
#        C:\Users\Admin\Documents\ARM\ADC\EWARM\ADC\Obj\stm32f1xx_hal.o
#        C:\Users\Admin\Documents\ARM\ADC\EWARM\ADC\Obj\stm32f1xx_hal_adc.o
#        C:\Users\Admin\Documents\ARM\ADC\EWARM\ADC\Obj\stm32f1xx_hal_adc_ex.o
#        C:\Users\Admin\Documents\ARM\ADC\EWARM\ADC\Obj\stm32f1xx_hal_cortex.o
#        C:\Users\Admin\Documents\ARM\ADC\EWARM\ADC\Obj\stm32f1xx_hal_dma.o
#        C:\Users\Admin\Documents\ARM\ADC\EWARM\ADC\Obj\stm32f1xx_hal_exti.o
#        C:\Users\Admin\Documents\ARM\ADC\EWARM\ADC\Obj\stm32f1xx_hal_flash.o
#        C:\Users\Admin\Documents\ARM\ADC\EWARM\ADC\Obj\stm32f1xx_hal_flash_ex.o
#        C:\Users\Admin\Documents\ARM\ADC\EWARM\ADC\Obj\stm32f1xx_hal_gpio.o
#        C:\Users\Admin\Documents\ARM\ADC\EWARM\ADC\Obj\stm32f1xx_hal_gpio_ex.o
#        C:\Users\Admin\Documents\ARM\ADC\EWARM\ADC\Obj\stm32f1xx_hal_msp.o
#        C:\Users\Admin\Documents\ARM\ADC\EWARM\ADC\Obj\stm32f1xx_hal_pwr.o
#        C:\Users\Admin\Documents\ARM\ADC\EWARM\ADC\Obj\stm32f1xx_hal_rcc.o
#        C:\Users\Admin\Documents\ARM\ADC\EWARM\ADC\Obj\stm32f1xx_hal_rcc_ex.o
#        C:\Users\Admin\Documents\ARM\ADC\EWARM\ADC\Obj\stm32f1xx_hal_tim.o
#        C:\Users\Admin\Documents\ARM\ADC\EWARM\ADC\Obj\stm32f1xx_hal_tim_ex.o
#        C:\Users\Admin\Documents\ARM\ADC\EWARM\ADC\Obj\stm32f1xx_it.o
#        C:\Users\Admin\Documents\ARM\ADC\EWARM\ADC\Obj\system_stm32f1xx.o
#        --redirect _Printf=_PrintfFull --redirect _Scanf=_ScanfFull
#        --no_out_extension -o
#        C:\Users\Admin\Documents\ARM\ADC\EWARM\ADC\Exe\ADC.out --map
#        C:\Users\Admin\Documents\ARM\ADC\EWARM\ADC\List\ADC.map --config
#        C:\Users\Admin\Documents\ARM\ADC\EWARM/stm32f103xe_flash.icf
#        --semihosting --entry __iar_program_start --vfe --text_out locale)
#
###############################################################################

*******************************************************************************
*** RUNTIME MODEL ATTRIBUTES
***

CppFlavor       = *
__Heap_Handler  = Basic
__SystemLibrary = DLib
__dlib_version  = 6


*******************************************************************************
*** HEAP SELECTION
***

The basic heap was selected because no calls to memory allocation
functions were found in the application outside of system library
functions, and there are calls to deallocation functions in the
application.


*******************************************************************************
*** PLACEMENT SUMMARY
***

"A0":  place at 0x800'0000 { ro section .intvec };
"P1":  place in [from 0x800'0000 to 0x807'ffff] { ro };
define block CSTACK with size = 1K, alignment = 8 { };
define block HEAP with size = 512, alignment = 8 { };
"P2":  place in [from 0x2000'0000 to 0x2000'ffff] {
          rw, block CSTACK, block HEAP };
initialize by copy { rw };

  Section            Kind         Address    Size  Object
  -------            ----         -------    ----  ------
"A0":                                       0x130
  .intvec            ro code   0x800'0000   0x130  startup_stm32f103xe.o [1]
                             - 0x800'0130   0x130

"P1":                                      0x3615
  .text              ro code   0x800'0130   0xf46  xprintffull.o [2]
  .text              ro code   0x800'1076    0x7a  lz77_init_single.o [4]
  .text              ro code   0x800'10f0    0x78  xlocale_c.o [2]
  .text              ro code   0x800'1168    0x16  strchr.o [4]
  .text              ro code   0x800'117e    0x3a  zero_init3.o [4]
  .text              ro code   0x800'11b8    0x40  xfail_s.o [2]
  .text              ro code   0x800'11f8    0x36  strlen.o [4]
  .text              ro code   0x800'122e    0x1e  xencoding_8859_1.o [2]
  .text              ro code   0x800'124c    0x58  memchr.o [4]
  .text              ro code   0x800'12a4     0xa  xmbcurmax.o [2]
  .text              ro code   0x800'12b0    0xa6  ABImemcpy.o [4]
  .text              ro code   0x800'1358   0x230  I64DivMod.o [4]
  .text              ro code   0x800'1588   0x1a2  DblMul.o [3]
  .text              ro code   0x800'172c    0x70  frexp.o [3]
  .text              ro code   0x800'179c    0x2e  DblCmpLe.o [3]
  .text              ro code   0x800'17cc    0x2e  DblCmpGe.o [3]
  .text              ro code   0x800'17fc   0x13a  ldexp.o [3]
  .text              ro code   0x800'1938    0x3a  DblToS32.o [3]
  .text              ro code   0x800'1974    0x22  S32ToDbl.o [3]
  .text              ro code   0x800'1998    0xe2  DblSub.o [3]
  .text              ro code   0x800'1a7c   0x246  DblDiv.o [3]
  .text              ro code   0x800'1cc4    0x28  DblToU32.o [3]
  .text              ro code   0x800'1cec    0x1a  U32ToDbl.o [3]
  .text              ro code   0x800'1d06     0x6  abort.o [2]
  .text              ro code   0x800'1d0c     0x2  I64DivZer.o [4]
  .text              ro code   0x800'1d10   0x17a  DblAdd.o [3]
  .text              ro code   0x800'1e8c    0x14  exit.o [5]
  .text              ro code   0x800'1ea0    0x80  iarttio.o [5]
  .text              ro code   0x800'1f20    0x3c  XShttio.o [2]
  .text              ro code   0x800'1f5c   0x4d4  stm32f1xx_hal_adc.o [1]
  .text              ro code   0x800'2430    0x7c  stm32f1xx_hal_msp.o [1]
  .text              ro code   0x800'24ac   0x15c  main.o [1]
  .text              ro code   0x800'2608     0x2  stm32f1xx_hal_adc_ex.o [1]
  .text              ro code   0x800'260a     0x2  stm32f1xx_hal_adc.o [1]
  .text              ro code   0x800'260c     0xc  stm32f1xx_hal.o [1]
  .text              ro code   0x800'2618    0xc4  stm32f1xx_hal_cortex.o [1]
  .text              ro code   0x800'26dc    0x28  printf.o [2]
  .text              ro code   0x800'2704    0x24  stm32f1xx_hal.o [1]
  .text              ro code   0x800'2728    0x28  stm32f1xx_hal.o [1]
  .text              ro code   0x800'2750     0x6  ABImemclr4.o [4]
  .text              ro code   0x800'2758   0x4a2  stm32f1xx_hal_rcc.o [1]
  .text              ro code   0x800'2bfc    0xe8  stm32f1xx_hal_rcc_ex.o [1]
  .text              ro code   0x800'2ce4    0x40  stm32f1xx_hal.o [1]
  .text              ro code   0x800'2d24    0x32  ABImemset48.o [4]
  .text              ro code   0x800'2d58   0x140  heap0.o [2]
  .text              ro code   0x800'2e98    0x2c  xgetmemchunk.o [2]
  .text              ro code   0x800'2ec4    0xd8  xfspos.o [2]
  .text              ro code   0x800'2f9c    0xac  fflush.o [2]
  .text              ro code   0x800'3048     0xc  xfgpos.o [2]
  .text              ro code   0x800'3054    0x4a  lseek.o [5]
  .text              ro code   0x800'309e    0x10  write.o [5]
  .text              ro code   0x800'30b0    0xcc  XShHandles.o [2]
  .text              ro code   0x800'317c    0x1e  dwrite.o [5]
  .text              ro code   0x800'319a    0x20  iarwstd.o [5]
  .text              ro code   0x800'31ba    0x22  iarwrite.o [5]
  .text              ro code   0x800'31dc    0xb4  xfwprep.o [2]
  .text              ro code   0x800'3290    0x24  fseek.o [2]
  .text              ro code   0x800'32b4    0x8c  xfofind.o [2]
  .text              ro code   0x800'3340     0x4  heaptramp0.o [2]
  .text              ro code   0x800'3344    0x7e  fclose.o [2]
  .text              ro code   0x800'33c2    0x18  close.o [5]
  .text              ro code   0x800'33da    0x14  remove.o [5]
  .text              ro code   0x800'33f0    0x5c  system_stm32f1xx.o [1]
  .text              ro code   0x800'344c    0x54  fputc.o [2]
  .text              ro code   0x800'34a0    0x3c  xcloseall.o [2]
  .text              ro code   0x800'34dc    0x28  data_init.o [4]
  .iar.init_table    const     0x800'3504    0x20  - Linker created -
  .text              ro code   0x800'3524    0x20  stm32f1xx_it.o [1]
  .text              ro code   0x800'3544    0x10  stm32f1xx_hal.o [1]
  .text              ro code   0x800'3554    0x1e  cmain.o [4]
  .text              ro code   0x800'3572     0x4  low_level_init.o [2]
  .text              ro code   0x800'3576     0x4  exit.o [2]
  .text              ro code   0x800'357c     0xe  cexit.o [4]
  .text              ro code   0x800'358a    0x16  xprout.o [2]
  .text              ro code   0x800'35a0     0xc  putchar.o [2]
  .text              ro code   0x800'35ac    0x10  startup_stm32f103xe.o [1]
  .text              ro code   0x800'35bc     0xc  cstartup_M.o [4]
  .rodata            const     0x800'35c8     0x6  xlocale_c.o [2]
  .text              ro code   0x800'35ce     0x4  startup_stm32f103xe.o [1]
  .text              ro code   0x800'35d2     0x4  startup_stm32f103xe.o [1]
  .text              ro code   0x800'35d6     0x4  startup_stm32f103xe.o [1]
  .text              ro code   0x800'35da     0x4  startup_stm32f103xe.o [1]
  .text              ro code   0x800'35de     0x4  startup_stm32f103xe.o [1]
  .text              ro code   0x800'35e2     0x4  startup_stm32f103xe.o [1]
  .text              ro code   0x800'35e6     0x4  startup_stm32f103xe.o [1]
  .text              ro code   0x800'35ea     0x4  startup_stm32f103xe.o [1]
  .text              ro code   0x800'35ee     0x4  startup_stm32f103xe.o [1]
  .text              ro code   0x800'35f2     0x4  startup_stm32f103xe.o [1]
  .text              ro code   0x800'35f6     0x4  startup_stm32f103xe.o [1]
  .text              ro code   0x800'35fa     0x4  startup_stm32f103xe.o [1]
  .text              ro code   0x800'35fe     0x4  startup_stm32f103xe.o [1]
  .text              ro code   0x800'3602     0x4  startup_stm32f103xe.o [1]
  .text              ro code   0x800'3606     0x4  startup_stm32f103xe.o [1]
  .text              ro code   0x800'360a     0x4  startup_stm32f103xe.o [1]
  .text              ro code   0x800'360e     0x4  startup_stm32f103xe.o [1]
  .text              ro code   0x800'3612     0x4  startup_stm32f103xe.o [1]
  .text              ro code   0x800'3616     0x4  startup_stm32f103xe.o [1]
  .text              ro code   0x800'361a     0x4  startup_stm32f103xe.o [1]
  .text              ro code   0x800'361e     0x4  startup_stm32f103xe.o [1]
  .text              ro code   0x800'3622     0x4  startup_stm32f103xe.o [1]
  .text              ro code   0x800'3626     0x4  startup_stm32f103xe.o [1]
  .text              ro code   0x800'362a     0x4  startup_stm32f103xe.o [1]
  .text              ro code   0x800'362e     0x4  startup_stm32f103xe.o [1]
  .text              ro code   0x800'3632     0x4  startup_stm32f103xe.o [1]
  .text              ro code   0x800'3636     0x4  startup_stm32f103xe.o [1]
  .text              ro code   0x800'363a     0x4  startup_stm32f103xe.o [1]
  .text              ro code   0x800'363e     0x4  startup_stm32f103xe.o [1]
  .text              ro code   0x800'3642     0x4  startup_stm32f103xe.o [1]
  .text              ro code   0x800'3646     0x4  startup_stm32f103xe.o [1]
  .text              ro code   0x800'364a     0x4  startup_stm32f103xe.o [1]
  .text              ro code   0x800'364e     0x4  startup_stm32f103xe.o [1]
  .text              ro code   0x800'3652     0x4  startup_stm32f103xe.o [1]
  .text              ro code   0x800'3656     0x4  startup_stm32f103xe.o [1]
  .text              ro code   0x800'365a     0x4  startup_stm32f103xe.o [1]
  .text              ro code   0x800'365e     0x4  startup_stm32f103xe.o [1]
  .text              ro code   0x800'3662     0x4  startup_stm32f103xe.o [1]
  .text              ro code   0x800'3666     0x4  startup_stm32f103xe.o [1]
  .text              ro code   0x800'366a     0x4  startup_stm32f103xe.o [1]
  .text              ro code   0x800'366e     0x4  startup_stm32f103xe.o [1]
  .text              ro code   0x800'3672     0x4  startup_stm32f103xe.o [1]
  .text              ro code   0x800'3676     0x4  startup_stm32f103xe.o [1]
  .text              ro code   0x800'367a     0x4  startup_stm32f103xe.o [1]
  .text              ro code   0x800'367e     0x4  startup_stm32f103xe.o [1]
  .text              ro code   0x800'3682     0x4  startup_stm32f103xe.o [1]
  .text              ro code   0x800'3686     0x4  startup_stm32f103xe.o [1]
  .text              ro code   0x800'368a     0x4  startup_stm32f103xe.o [1]
  .text              ro code   0x800'368e     0x4  startup_stm32f103xe.o [1]
  .text              ro code   0x800'3692     0x4  startup_stm32f103xe.o [1]
  .text              ro code   0x800'3696     0x4  startup_stm32f103xe.o [1]
  .text              ro code   0x800'369a     0x4  startup_stm32f103xe.o [1]
  .text              ro code   0x800'369e     0x4  startup_stm32f103xe.o [1]
  .text              ro code   0x800'36a2     0x4  startup_stm32f103xe.o [1]
  .text              ro code   0x800'36a6     0x4  startup_stm32f103xe.o [1]
  .text              ro code   0x800'36aa     0x4  startup_stm32f103xe.o [1]
  .text              ro code   0x800'36ae     0x4  startup_stm32f103xe.o [1]
  .text              ro code   0x800'36b2     0x4  startup_stm32f103xe.o [1]
  .text              ro code   0x800'36b6     0x4  startup_stm32f103xe.o [1]
  .text              ro code   0x800'36bc     0x0  cstart_closeall.o [4]
  .rodata            const     0x800'36bc     0x0  zero_init3.o [4]
  .rodata            const     0x800'36bc     0x0  lz77_init_single.o [4]
  Initializer bytes  const     0x800'36bc    0x89  <for P2-1>
                             - 0x800'3745  0x3615

"P2", part 1 of 3:                          0x190
  P2-1                        0x2000'0000   0x190  <Init block>
    .data            inited   0x2000'0000     0xc  stm32f1xx_hal.o [1]
    .data            inited   0x2000'000c     0x4  system_stm32f1xx.o [1]
    .data            inited   0x2000'0010    0x38  xlocale_c.o [2]
    .data            inited   0x2000'0048    0x48  xlocale_c.o [2]
    .data            inited   0x2000'0090    0x48  xfiles.o [2]
    .data            inited   0x2000'00d8    0x48  xfiles.o [2]
    .data            inited   0x2000'0120    0x48  xfiles.o [2]
    .data            inited   0x2000'0168    0x20  xfiles.o [2]
    .data            inited   0x2000'0188     0x8  XShttio.o [2]
                            - 0x2000'0190   0x190

"P2", part 2 of 3:                          0x164
  .bss               zero     0x2000'0190    0x80  XShHandles.o [2]
  .bss               zero     0x2000'0210    0x50  xfiles.o [2]
  .bss               zero     0x2000'0260    0x50  xfiles.o [2]
  .bss               zero     0x2000'02b0    0x32  main.o [1]
  .bss               zero     0x2000'02e2     0x1  XShttio.o [2]
  .bss               zero     0x2000'02e4     0x8  heap0.o [2]
  .bss               zero     0x2000'02ec     0x4  xfail_s.o [2]
  .bss               zero     0x2000'02f0     0x4  xgetmemchunk.o [2]
                            - 0x2000'02f4   0x164

"P2", part 3 of 3:                          0x600
  CSTACK                      0x2000'02f8   0x400  <Block>
    CSTACK           uninit   0x2000'02f8   0x400  <Block tail>
  HEAP                        0x2000'06f8   0x200  <Block>
    HEAP             uninit   0x2000'06f8   0x200  <Block tail>
                            - 0x2000'08f8   0x600

Unused ranges:

         From           To      Size
         ----           --      ----
   0x800'3745   0x807'ffff  0x7'c8bb
  0x2000'02f4  0x2000'02f7       0x4
  0x2000'08f8  0x2000'ffff    0xf708


*******************************************************************************
*** INIT TABLE
***

          Address      Size
          -------      ----
Zero (__iar_zero_init3)
    1 destination range, total size 0x164:
          0x2000'0190  0x164

Copy/lz77 (__iar_lz77_init_single3)
    1 source range, total size 0x89 (34% of destination):
           0x800'36bc   0x89
    1 destination range, total size 0x190:
          0x2000'0000  0x190



*******************************************************************************
*** MODULE SUMMARY
***

    Module                  ro code  ro data  rw data
    ------                  -------  -------  -------
command line/config:
    -------------------------------------------------
    Total:

C:\Users\Admin\Documents\ARM\ADC\EWARM\ADC\Obj: [1]
    main.o                      348                50
    startup_stm32f103xe.o       556
    stm32f1xx_hal.o             168        4       12
    stm32f1xx_hal_adc.o       1 238
    stm32f1xx_hal_adc_ex.o        2
    stm32f1xx_hal_cortex.o      196
    stm32f1xx_hal_msp.o         124
    stm32f1xx_hal_rcc.o       1 186
    stm32f1xx_hal_rcc_ex.o      232
    stm32f1xx_it.o               32
    system_stm32f1xx.o           92        1        4
    -------------------------------------------------
    Total:                    4 174        5       66

dl7M_tlf.a: [2]
    XShHandles.o                204               128
    XShttio.o                    60        3        9
    abort.o                       6
    exit.o                        4
    fclose.o                    126
    fflush.o                    172
    fputc.o                      84
    fseek.o                      36
    heap0.o                     320                 8
    heaptramp0.o                  4
    low_level_init.o              4
    printf.o                     40
    putchar.o                    12
    xcloseall.o                  60
    xencoding_8859_1.o           30
    xfail_s.o                    64                 4
    xfgpos.o                     12
    xfiles.o                              85      408
    xfofind.o                   140
    xfspos.o                    216
    xfwprep.o                   180
    xgetmemchunk.o               44                 4
    xlocale_c.o                 120       50      128
    xmbcurmax.o                  10
    xprintffull.o             3 910
    xprout.o                     22
    -------------------------------------------------
    Total:                    5 880      138      689

m7M_tl.a: [3]
    DblAdd.o                    378
    DblCmpGe.o                   46
    DblCmpLe.o                   46
    DblDiv.o                    582
    DblMul.o                    418
    DblSub.o                    226
    DblToS32.o                   58
    DblToU32.o                   40
    S32ToDbl.o                   34
    U32ToDbl.o                   26
    frexp.o                     112
    ldexp.o                     314
    -------------------------------------------------
    Total:                    2 280

rt7M_tl.a: [4]
    ABImemclr4.o                  6
    ABImemcpy.o                 166
    ABImemset48.o                50
    I64DivMod.o                 560
    I64DivZer.o                   2
    cexit.o                      14
    cmain.o                      30
    cstart_closeall.o
    cstartup_M.o                 12
    data_init.o                  40
    lz77_init_single.o          122
    memchr.o                     88
    strchr.o                     22
    strlen.o                     54
    zero_init3.o                 58
    -------------------------------------------------
    Total:                    1 224

shb_l.a: [5]
    close.o                      24
    dwrite.o                     30
    exit.o                       20
    iarttio.o                   128
    iarwrite.o                   34
    iarwstd.o                    32
    lseek.o                      74
    remove.o                     20
    write.o                      16
    -------------------------------------------------
    Total:                      378

    Gaps                         38                 1
    Linker created                        32    1 536
-----------------------------------------------------
    Grand Total:             13 974      175    2 292


*******************************************************************************
*** ENTRY LIST
***

Entry                       Address   Size  Type      Object
-----                       -------   ----  ----      ------
.iar.init_table$$Base    0x800'3504          --   Gb  - Linker created -
.iar.init_table$$Limit   0x800'3524          --   Gb  - Linker created -
?main                    0x800'3555         Code  Gb  cmain.o [4]
ADC1_2_IRQHandler        0x800'3539    0x6  Code  Gb  stm32f1xx_it.o [1]
ADC_ConversionStop_Disable
                         0x800'23ed   0x44  Code  Gb  stm32f1xx_hal_adc.o [1]
ADC_Enable               0x800'235b   0x6a  Code  Gb  stm32f1xx_hal_adc.o [1]
AD_Value                0x2000'02e0    0x2  Data  Gb  main.o [1]
AHBPrescTable            0x800'343c   0x10  Data  Gb  system_stm32f1xx.o [1]
Aldata                  0x2000'02e4    0x8  Data  Lc  heap0.o [2]
BusFault_Handler         0x800'352b    0x2  Code  Gb  stm32f1xx_it.o [1]
CSTACK$$Base            0x2000'02f8          --   Gb  - Linker created -
CSTACK$$Limit           0x2000'06f8          --   Gb  - Linker created -
CacheMore                0x800'10f5   0x24  Code  Lc  xlocale_c.o [2]
DebugMon_Handler         0x800'3531    0x2  Code  Gb  stm32f1xx_it.o [1]
HAL_ADCEx_InjectedConvCpltCallback
                         0x800'2609    0x2  Code  Wk  stm32f1xx_hal_adc_ex.o [1]
HAL_ADC_ConfigChannel    0x800'225f   0xe4  Code  Gb  stm32f1xx_hal_adc.o [1]
HAL_ADC_ConvCpltCallback
                         0x800'24ad   0x42  Code  Gb  main.o [1]
HAL_ADC_GetValue         0x800'2169    0x6  Code  Gb  stm32f1xx_hal_adc.o [1]
HAL_ADC_IRQHandler       0x800'216f   0xd8  Code  Gb  stm32f1xx_hal_adc.o [1]
HAL_ADC_Init             0x800'1f5d  0x110  Code  Gb  stm32f1xx_hal_adc.o [1]
HAL_ADC_MspInit          0x800'246b   0x34  Code  Gb  stm32f1xx_hal_msp.o [1]
HAL_ADC_Start_IT         0x800'2079   0x58  Code  Gb  stm32f1xx_hal_adc.o [1]
HAL_Delay                0x800'2729   0x28  Code  Wk  stm32f1xx_hal.o [1]
HAL_GetTick              0x800'260d    0xc  Code  Wk  stm32f1xx_hal.o [1]
HAL_IncTick              0x800'3545   0x10  Code  Wk  stm32f1xx_hal.o [1]
HAL_Init                 0x800'2705   0x20  Code  Gb  stm32f1xx_hal.o [1]
HAL_InitTick             0x800'2ce5   0x40  Code  Wk  stm32f1xx_hal.o [1]
HAL_MspInit              0x800'2431   0x3a  Code  Gb  stm32f1xx_hal_msp.o [1]
HAL_NVIC_EnableIRQ       0x800'2687   0x16  Code  Gb  stm32f1xx_hal_cortex.o [1]
HAL_NVIC_SetPriority     0x800'264d   0x3a  Code  Gb  stm32f1xx_hal_cortex.o [1]
HAL_NVIC_SetPriorityGrouping
                         0x800'2633   0x1a  Code  Gb  stm32f1xx_hal_cortex.o [1]
HAL_RCCEx_PeriphCLKConfig
                         0x800'2bfd   0xda  Code  Gb  stm32f1xx_hal_rcc_ex.o [1]
HAL_RCC_ClockConfig      0x800'2a79   0xf4  Code  Gb  stm32f1xx_hal_rcc.o [1]
HAL_RCC_GetSysClockFreq
                         0x800'2b81   0x3a  Code  Gb  stm32f1xx_hal_rcc.o [1]
HAL_RCC_GetSysClockFreq::aPLLMULFactorTable
                         0x800'2be8   0x10  Data  Lc  stm32f1xx_hal_rcc.o [1]
HAL_RCC_GetSysClockFreq::aPredivFactorTable
                         0x800'2bf8    0x2  Data  Lc  stm32f1xx_hal_rcc.o [1]
HAL_RCC_OscConfig        0x800'2759  0x318  Code  Gb  stm32f1xx_hal_rcc.o [1]
HAL_SYSTICK_Config       0x800'269d   0x28  Code  Gb  stm32f1xx_hal_cortex.o [1]
HEAP$$Base              0x2000'06f8          --   Gb  - Linker created -
HEAP$$Limit             0x2000'08f8          --   Gb  - Linker created -
HardFault_Handler        0x800'3527    0x2  Code  Gb  stm32f1xx_it.o [1]
LoadInt                  0x800'02f3   0x7a  Code  Lc  xprintffull.o [2]
MemManage_Handler        0x800'3529    0x2  Code  Gb  stm32f1xx_it.o [1]
NMI_Handler              0x800'3525    0x2  Code  Gb  stm32f1xx_it.o [1]
PendSV_Handler           0x800'3533    0x2  Code  Gb  stm32f1xx_it.o [1]
Region$$Table$$Base      0x800'3504          --   Gb  - Linker created -
Region$$Table$$Limit     0x800'3524          --   Gb  - Linker created -
SVC_Handler              0x800'352f    0x2  Code  Gb  stm32f1xx_it.o [1]
SysTick_Handler          0x800'3535    0x4  Code  Gb  stm32f1xx_it.o [1]
SystemClock_Config       0x800'2581   0x6a  Code  Gb  main.o [1]
SystemCoreClock         0x2000'000c    0x4  Data  Gb  system_stm32f1xx.o [1]
SystemInit               0x800'33f1   0x3c  Code  Gb  system_stm32f1xx.o [1]
UsageFault_Handler       0x800'352d    0x2  Code  Gb  stm32f1xx_it.o [1]
_Close_all               0x800'34a1   0x3c  Code  Gb  xcloseall.o [2]
_Encoding_8859_1_Mbrlen
                         0x800'1241    0x2  Code  Gb  xencoding_8859_1.o [2]
_Encoding_8859_1_Wctomb
                         0x800'122f   0x12  Code  Gb  xencoding_8859_1.o [2]
_Files                  0x2000'0168   0x20  Data  Gb  xfiles.o [2]
_Fofree                  0x800'32b5   0x86  Code  Gb  xfofind.o [2]
_Fspos                   0x800'2ec5   0xd8  Code  Gb  xfspos.o [2]
_Fwprep                  0x800'31dd   0xb4  Code  Gb  xfwprep.o [2]
_GenldFull               0x800'0d51  0x274  Code  Lc  xprintffull.o [2]
_LdtobFull               0x800'094d  0x3d6  Code  Lc  xprintffull.o [2]
_LitobFull               0x800'07fd  0x10a  Code  Lc  xprintffull.o [2]
_Locale_lconv           0x2000'0010   0x38  Data  Lc  xlocale_c.o [2]
_Nnl                     0x800'3049    0xc  Code  Gb  xfgpos.o [2]
_PrintfFull              0x800'0131  0x1aa  Code  Gb  xprintffull.o [2]
_Prout                   0x800'358b   0x16  Code  Gb  xprout.o [2]
_PutcharsFull            0x800'0fc5   0x2e  Code  Lc  xprintffull.o [2]
_PutfldFull              0x800'036d  0x2d4  Code  Lc  xprintffull.o [2]
_PutstrFull              0x800'0737   0xc6  Code  Lc  xprintffull.o [2]
_PuttxtFull              0x800'0641   0xf6  Code  Lc  xprintffull.o [2]
__NVIC_SetPriority       0x800'2619   0x1a  Code  Lc  stm32f1xx_hal_cortex.o [1]
__aeabi_cdcmple          0x800'179d         Code  Gb  DblCmpLe.o [3]
__aeabi_cdrcmple         0x800'17cd         Code  Gb  DblCmpGe.o [3]
__aeabi_d2iz             0x800'1939         Code  Gb  DblToS32.o [3]
__aeabi_d2uiz            0x800'1cc5         Code  Gb  DblToU32.o [3]
__aeabi_dadd             0x800'1d11         Code  Gb  DblAdd.o [3]
__aeabi_ddiv             0x800'1a7d         Code  Gb  DblDiv.o [3]
__aeabi_dmul             0x800'1589         Code  Gb  DblMul.o [3]
__aeabi_dsub             0x800'1999         Code  Gb  DblSub.o [3]
__aeabi_i2d              0x800'1975         Code  Gb  S32ToDbl.o [3]
__aeabi_ldiv0            0x800'1d0d         Code  Gb  I64DivZer.o [4]
__aeabi_memclr4          0x800'2751         Code  Gb  ABImemclr4.o [4]
__aeabi_memcpy           0x800'12b1         Code  Gb  ABImemcpy.o [4]
__aeabi_memcpy4          0x800'12d1         Code  Gb  ABImemcpy.o [4]
__aeabi_memcpy8          0x800'12d1         Code  Gb  ABImemcpy.o [4]
__aeabi_ui2d             0x800'1ced         Code  Gb  U32ToDbl.o [3]
__aeabi_uldivmod         0x800'1359         Code  Gb  I64DivMod.o [4]
__basic_free             0x800'2e05   0x16  Code  Gb  heap0.o [2]
__basic_free_intern      0x800'2e1b   0x7a  Code  Lc  heap0.o [2]
__basic_malloc           0x800'2d59   0x18  Code  Gb  heap0.o [2]
__basic_malloc_intern    0x800'2d71   0x94  Code  Lc  heap0.o [2]
__cexit_closeall         0x800'357f         Code  Gb  cexit.o [4]
__close                  0x800'33c3   0x18  Code  Gb  close.o [5]
__cmain                  0x800'3555         Code  Gb  cmain.o [4]
__cstart_closeall        0x800'36bc         Data  Gb  cstart_closeall.o [4]
__data_GetMemChunk       0x800'2e99   0x2c  Code  Gb  xgetmemchunk.o [2]
__data_GetMemChunk::start
                        0x2000'02f0    0x4  Data  Lc  xgetmemchunk.o [2]
__dwrite                 0x800'317d   0x1e  Code  Gb  dwrite.o [5]
__exit                   0x800'1e8d   0x14  Code  Gb  exit.o [5]
__iar_Fail_s             0x800'11b9   0x1c  Code  Gb  xfail_s.o [2]
__iar_Mbcurmax           0x800'12a5    0xa  Code  Gb  xmbcurmax.o [2]
__iar_Memchr             0x800'124d         Code  Gb  memchr.o [4]
__iar_Memset4_word       0x800'2d25         Code  Gb  ABImemset48.o [4]
__iar_Memset8_word       0x800'2d25         Code  Gb  ABImemset48.o [4]
__iar_Stderr            0x2000'0120   0x48  Data  Gb  xfiles.o [2]
__iar_Stdin             0x2000'0090   0x48  Data  Gb  xfiles.o [2]
__iar_Stdout            0x2000'00d8   0x48  Data  Gb  xfiles.o [2]
__iar_Strchr             0x800'1169         Code  Gb  strchr.o [4]
__iar_close_ttio         0x800'1ea1   0x2e  Code  Gb  iarttio.o [5]
__iar_dadd               0x800'19a9         Code  Gb  DblSub.o [3]
__iar_data_init3         0x800'34dd   0x28  Code  Gb  data_init.o [4]
__iar_dsub               0x800'1d21         Code  Gb  DblAdd.o [3]
__iar_dsubStart          0x800'1d33         Code  Gb  DblAdd.o [3]
__iar_frexp              0x800'1739         Code  Gb  frexp.o [3]
__iar_frexp64            0x800'172d         Code  Gb  frexp.o [3]
__iar_frexpl             0x800'1739         Code  Gb  frexp.o [3]
__iar_get_ttio           0x800'1ed1   0x4c  Code  Gb  iarttio.o [5]
__iar_globLocale        0x2000'0048   0x48  Data  Lc  xlocale_c.o [2]
__iar_global_Locale      0x800'10f1    0x4  Code  Gb  xlocale_c.o [2]
__iar_ldexp64            0x800'17fd         Code  Gb  ldexp.o [3]
__iar_lookup_ttioh       0x800'1f4f    0x4  Code  Gb  XShttio.o [2]
__iar_lz77_init_single3
                         0x800'1077   0x7a  Code  Gb  lz77_init_single.o [4]
__iar_program_start      0x800'35bd         Code  Gb  cstartup_M.o [4]
__iar_scalbln64          0x800'17fd         Code  Gb  ldexp.o [3]
__iar_scalbn64           0x800'17fd         Code  Gb  ldexp.o [3]
__iar_sh_Discard         0x800'30b1   0x42  Code  Gb  XShHandles.o [2]
__iar_sh_Move            0x800'30f3   0x46  Code  Gb  XShHandles.o [2]
__iar_sh_Pos             0x800'3139   0x3e  Code  Gb  XShHandles.o [2]
__iar_sh_stdout          0x800'319b   0x20  Code  Gb  iarwstd.o [5]
__iar_sh_write           0x800'31bb   0x22  Code  Gb  iarwrite.o [5]
__iar_ttio_guard_lock    0x800'1f21   0x1e  Code  Gb  XShttio.o [2]
__iar_ttio_guard_unlock
                         0x800'1f3f   0x10  Code  Gb  XShttio.o [2]
__iar_ttio_handles      0x2000'0188    0x8  Data  Lc  XShttio.o [2]
__iar_zero_init3         0x800'117f   0x3a  Code  Gb  zero_init3.o [4]
__low_level_init         0x800'3573    0x4  Code  Gb  low_level_init.o [2]
__lseek                  0x800'3055   0x4a  Code  Gb  lseek.o [5]
__vector_table           0x800'0000         Data  Gb  startup_stm32f103xe.o [1]
__write                  0x800'309f   0x10  Code  Gb  write.o [5]
_call_main               0x800'3561         Code  Gb  cmain.o [4]
_exit                    0x800'357d         Code  Gb  cexit.o [4]
_gLocale_mblen           0x800'1155    0x4  Code  Gb  xlocale_c.o [2]
_gLocale_mblenInt        0x800'1119   0x2c  Code  Gb  xlocale_c.o [2]
_gLocale_wctomb          0x800'1159    0x4  Code  Gb  xlocale_c.o [2]
_gLocale_wctombInt       0x800'1151    0x4  Code  Gb  xlocale_c.o [2]
_main                    0x800'356f         Code  Gb  cmain.o [4]
abort                    0x800'1d07    0x6  Code  Gb  abort.o [2]
ebuf                    0x2000'0210   0x50  Data  Lc  xfiles.o [2]
exit                     0x800'3577    0x4  Code  Gb  exit.o [2]
fclose                   0x800'3345   0x7e  Code  Gb  fclose.o [2]
fflush                   0x800'3011   0x34  Code  Gb  fflush.o [2]
fflushOne                0x800'2f9d   0x74  Code  Lc  fflush.o [2]
fputc                    0x800'344d   0x54  Code  Gb  fputc.o [2]
free                     0x800'3341    0x4  Code  Gb  heaptramp0.o [2]
frexp                    0x800'172d         Code  Gb  frexp.o [3]
frexpl                   0x800'172d         Code  Gb  frexp.o [3]
fseek                    0x800'3291   0x24  Code  Gb  fseek.o [2]
hadc1                   0x2000'02b0   0x30  Data  Gb  main.o [1]
ldexp                    0x800'17fd         Code  Gb  ldexp.o [3]
ldexpl                   0x800'17fd         Code  Gb  ldexp.o [3]
localeconv               0x800'115d    0x4  Code  Gb  xlocale_c.o [2]
main                     0x800'24ef   0x7e  Code  Gb  main.o [1]
memchr                   0x800'124d         Code  Gb  memchr.o [4]
obuf                    0x2000'0260   0x50  Data  Lc  xfiles.o [2]
printf                   0x800'26dd   0x28  Code  Gb  printf.o [2]
putchar                  0x800'35a1    0xc  Code  Gb  putchar.o [2]
remove                   0x800'33db   0x14  Code  Gb  remove.o [5]
sFileInfo               0x2000'0190   0x80  Data  Lc  XShHandles.o [2]
scalbln                  0x800'17fd         Code  Gb  ldexp.o [3]
scalblnl                 0x800'17fd         Code  Gb  ldexp.o [3]
scalbn                   0x800'17fd         Code  Gb  ldexp.o [3]
scalbnl                  0x800'17fd         Code  Gb  ldexp.o [3]
scale                    0x800'0907   0x46  Code  Lc  xprintffull.o [2]
sec_hand                0x2000'02ec    0x4  Data  Lc  xfail_s.o [2]
strchr                   0x800'1169         Code  Gb  strchr.o [4]
strlen                   0x800'11f9         Code  Gb  strlen.o [4]
ttio_guard              0x2000'02e2    0x1  Data  Lc  XShttio.o [2]
uwTick                  0x2000'0004    0x4  Data  Gb  stm32f1xx_hal.o [1]
uwTickFreq              0x2000'0000    0x1  Data  Gb  stm32f1xx_hal.o [1]
uwTickPrio              0x2000'0008    0x4  Data  Gb  stm32f1xx_hal.o [1]


[1] = C:\Users\Admin\Documents\ARM\ADC\EWARM\ADC\Obj
[2] = dl7M_tlf.a
[3] = m7M_tl.a
[4] = rt7M_tl.a
[5] = shb_l.a

  13 974 bytes of readonly  code memory
     175 bytes of readonly  data memory
   2 292 bytes of readwrite data memory

Errors: none
Warnings: none
