###############################################################################
#
# IAR ELF Linker V8.32.1.169/W32 for ARM                  11/Feb/2020  19:55:48
# Copyright 2007-2018 IAR Systems AB.
#
#    Output file  =  C:\Users\Admin\Documents\text\1st\EWARM\1st\Exe\1st.out
#    Map file     =  C:\Users\Admin\Documents\text\1st\EWARM\1st\List\1st.map
#    Command line =  
#        -f C:\Users\Admin\AppData\Local\Temp\EW14E1.tmp
#        (C:\Users\Admin\Documents\text\1st\EWARM\1st\Obj\main.o
#        C:\Users\Admin\Documents\text\1st\EWARM\1st\Obj\startup_stm32f746xx.o
#        C:\Users\Admin\Documents\text\1st\EWARM\1st\Obj\stm32f7xx_hal.o
#        C:\Users\Admin\Documents\text\1st\EWARM\1st\Obj\stm32f7xx_hal_cortex.o
#        C:\Users\Admin\Documents\text\1st\EWARM\1st\Obj\stm32f7xx_hal_dma.o
#        C:\Users\Admin\Documents\text\1st\EWARM\1st\Obj\stm32f7xx_hal_dma_ex.o
#        C:\Users\Admin\Documents\text\1st\EWARM\1st\Obj\stm32f7xx_hal_exti.o
#        C:\Users\Admin\Documents\text\1st\EWARM\1st\Obj\stm32f7xx_hal_flash.o
#        C:\Users\Admin\Documents\text\1st\EWARM\1st\Obj\stm32f7xx_hal_flash_ex.o
#        C:\Users\Admin\Documents\text\1st\EWARM\1st\Obj\stm32f7xx_hal_gpio.o
#        C:\Users\Admin\Documents\text\1st\EWARM\1st\Obj\stm32f7xx_hal_i2c.o
#        C:\Users\Admin\Documents\text\1st\EWARM\1st\Obj\stm32f7xx_hal_i2c_ex.o
#        C:\Users\Admin\Documents\text\1st\EWARM\1st\Obj\stm32f7xx_hal_msp.o
#        C:\Users\Admin\Documents\text\1st\EWARM\1st\Obj\stm32f7xx_hal_pwr.o
#        C:\Users\Admin\Documents\text\1st\EWARM\1st\Obj\stm32f7xx_hal_pwr_ex.o
#        C:\Users\Admin\Documents\text\1st\EWARM\1st\Obj\stm32f7xx_hal_rcc.o
#        C:\Users\Admin\Documents\text\1st\EWARM\1st\Obj\stm32f7xx_hal_rcc_ex.o
#        C:\Users\Admin\Documents\text\1st\EWARM\1st\Obj\stm32f7xx_hal_tim.o
#        C:\Users\Admin\Documents\text\1st\EWARM\1st\Obj\stm32f7xx_hal_tim_ex.o
#        C:\Users\Admin\Documents\text\1st\EWARM\1st\Obj\stm32f7xx_it.o
#        C:\Users\Admin\Documents\text\1st\EWARM\1st\Obj\system_stm32f7xx.o
#        --redirect _Printf=_PrintfFull --redirect _Scanf=_ScanfFull
#        --no_out_extension -o
#        C:\Users\Admin\Documents\text\1st\EWARM\1st\Exe\1st.out --map
#        C:\Users\Admin\Documents\text\1st\EWARM\1st\List\1st.map --config
#        C:\Users\Admin\Documents\text\1st\EWARM/stm32f746xx_flash.icf
#        --semihosting --entry __iar_program_start --vfe --text_out locale)
#
###############################################################################

*******************************************************************************
*** RUNTIME MODEL ATTRIBUTES
***

CppFlavor       = *
__SystemLibrary = DLib
__dlib_version  = 6


*******************************************************************************
*** HEAP SELECTION
***

The basic heap was selected because no calls to memory allocation
functions were found in the application outside of system library
functions, and there are calls to deallocation functions in the
application.


*******************************************************************************
*** PLACEMENT SUMMARY
***

"A0":  place at 0x800'0000 { ro section .intvec };
"P1":  place in [from 0x800'0000 to 0x80f'ffff] { ro };
define block CSTACK with size = 1K, alignment = 8 { };
define block HEAP with size = 512, alignment = 8 { };
"P2":  place in [from 0x2000'0000 to 0x2004'ffff] {
          rw, block CSTACK, block HEAP };
initialize by copy { rw };

  Section            Kind         Address   Size  Object
  -------            ----         -------   ----  ------
"A0":                                      0x1c8
  .intvec            ro code   0x800'0000  0x1c8  startup_stm32f746xx.o [1]
                             - 0x800'01c8  0x1c8

"P1":                                      0xe3c
  .text              ro code   0x800'01c8  0x48c  stm32f7xx_hal_rcc.o [1]
  .text              ro code   0x800'0654    0xc  stm32f7xx_hal.o [1]
  .text              ro code   0x800'0660   0x40  stm32f7xx_hal.o [1]
  .text              ro code   0x800'06a0  0x106  I64DivMod_small.o [4]
  .text              ro code   0x800'07a8   0xc4  stm32f7xx_hal_cortex.o [1]
  .text              ro code   0x800'086c    0x2  I64DivZer.o [4]
  .text              ro code   0x800'0870  0x224  stm32f7xx_hal_gpio.o [1]
  .text              ro code   0x800'0a94  0x168  main.o [1]
  .text              ro code   0x800'0bfc   0x16  stm32f7xx_hal.o [1]
  .text              ro code   0x800'0c14    0x6  ABImemclr4.o [4]
  .text              ro code   0x800'0c1c   0x74  stm32f7xx_hal_pwr_ex.o [1]
  .text              ro code   0x800'0c90   0x34  stm32f7xx_hal_msp.o [1]
  .text              ro code   0x800'0cc4   0x32  ABImemset48.o [4]
  .text              ro code   0x800'0cf8   0x60  system_stm32f7xx.o [1]
  .text              ro code   0x800'0d58   0x2c  copy_init3.o [4]
  .text              ro code   0x800'0d84   0x28  data_init.o [4]
  .text              ro code   0x800'0dac   0x22  fpinit_M.o [3]
  .iar.init_table    const     0x800'0dd0   0x14  - Linker created -
  .text              ro code   0x800'0de4   0x1e  cmain.o [4]
  .text              ro code   0x800'0e02    0x4  low_level_init.o [2]
  .text              ro code   0x800'0e06    0x4  exit.o [2]
  .text              ro code   0x800'0e0c    0xa  cexit.o [4]
  .text              ro code   0x800'0e18   0x14  exit.o [5]
  .text              ro code   0x800'0e2c   0x1c  stm32f7xx_it.o [1]
  .text              ro code   0x800'0e48   0x10  stm32f7xx_hal.o [1]
  .text              ro code   0x800'0e58   0x10  startup_stm32f746xx.o [1]
  Initializer bytes  const     0x800'0e68   0x10  <for P2-1>
  .text              ro code   0x800'0e78    0xc  cstartup_M.o [4]
  .text              ro code   0x800'0e84    0x4  startup_stm32f746xx.o [1]
  .text              ro code   0x800'0e88    0x4  startup_stm32f746xx.o [1]
  .text              ro code   0x800'0e8c    0x4  startup_stm32f746xx.o [1]
  .text              ro code   0x800'0e90    0x4  startup_stm32f746xx.o [1]
  .text              ro code   0x800'0e94    0x4  startup_stm32f746xx.o [1]
  .text              ro code   0x800'0e98    0x4  startup_stm32f746xx.o [1]
  .text              ro code   0x800'0e9c    0x4  startup_stm32f746xx.o [1]
  .text              ro code   0x800'0ea0    0x4  startup_stm32f746xx.o [1]
  .text              ro code   0x800'0ea4    0x4  startup_stm32f746xx.o [1]
  .text              ro code   0x800'0ea8    0x4  startup_stm32f746xx.o [1]
  .text              ro code   0x800'0eac    0x4  startup_stm32f746xx.o [1]
  .text              ro code   0x800'0eb0    0x4  startup_stm32f746xx.o [1]
  .text              ro code   0x800'0eb4    0x4  startup_stm32f746xx.o [1]
  .text              ro code   0x800'0eb8    0x4  startup_stm32f746xx.o [1]
  .text              ro code   0x800'0ebc    0x4  startup_stm32f746xx.o [1]
  .text              ro code   0x800'0ec0    0x4  startup_stm32f746xx.o [1]
  .text              ro code   0x800'0ec4    0x4  startup_stm32f746xx.o [1]
  .text              ro code   0x800'0ec8    0x4  startup_stm32f746xx.o [1]
  .text              ro code   0x800'0ecc    0x4  startup_stm32f746xx.o [1]
  .text              ro code   0x800'0ed0    0x4  startup_stm32f746xx.o [1]
  .text              ro code   0x800'0ed4    0x4  startup_stm32f746xx.o [1]
  .text              ro code   0x800'0ed8    0x4  startup_stm32f746xx.o [1]
  .text              ro code   0x800'0edc    0x4  startup_stm32f746xx.o [1]
  .text              ro code   0x800'0ee0    0x4  startup_stm32f746xx.o [1]
  .text              ro code   0x800'0ee4    0x4  startup_stm32f746xx.o [1]
  .text              ro code   0x800'0ee8    0x4  startup_stm32f746xx.o [1]
  .text              ro code   0x800'0eec    0x4  startup_stm32f746xx.o [1]
  .text              ro code   0x800'0ef0    0x4  startup_stm32f746xx.o [1]
  .text              ro code   0x800'0ef4    0x4  startup_stm32f746xx.o [1]
  .text              ro code   0x800'0ef8    0x4  startup_stm32f746xx.o [1]
  .text              ro code   0x800'0efc    0x4  startup_stm32f746xx.o [1]
  .text              ro code   0x800'0f00    0x4  startup_stm32f746xx.o [1]
  .text              ro code   0x800'0f04    0x4  startup_stm32f746xx.o [1]
  .text              ro code   0x800'0f08    0x4  startup_stm32f746xx.o [1]
  .text              ro code   0x800'0f0c    0x4  startup_stm32f746xx.o [1]
  .text              ro code   0x800'0f10    0x4  startup_stm32f746xx.o [1]
  .text              ro code   0x800'0f14    0x4  startup_stm32f746xx.o [1]
  .text              ro code   0x800'0f18    0x4  startup_stm32f746xx.o [1]
  .text              ro code   0x800'0f1c    0x4  startup_stm32f746xx.o [1]
  .text              ro code   0x800'0f20    0x4  startup_stm32f746xx.o [1]
  .text              ro code   0x800'0f24    0x4  startup_stm32f746xx.o [1]
  .text              ro code   0x800'0f28    0x4  startup_stm32f746xx.o [1]
  .text              ro code   0x800'0f2c    0x4  startup_stm32f746xx.o [1]
  .text              ro code   0x800'0f30    0x4  startup_stm32f746xx.o [1]
  .text              ro code   0x800'0f34    0x4  startup_stm32f746xx.o [1]
  .text              ro code   0x800'0f38    0x4  startup_stm32f746xx.o [1]
  .text              ro code   0x800'0f3c    0x4  startup_stm32f746xx.o [1]
  .text              ro code   0x800'0f40    0x4  startup_stm32f746xx.o [1]
  .text              ro code   0x800'0f44    0x4  startup_stm32f746xx.o [1]
  .text              ro code   0x800'0f48    0x4  startup_stm32f746xx.o [1]
  .text              ro code   0x800'0f4c    0x4  startup_stm32f746xx.o [1]
  .text              ro code   0x800'0f50    0x4  startup_stm32f746xx.o [1]
  .text              ro code   0x800'0f54    0x4  startup_stm32f746xx.o [1]
  .text              ro code   0x800'0f58    0x4  startup_stm32f746xx.o [1]
  .text              ro code   0x800'0f5c    0x4  startup_stm32f746xx.o [1]
  .text              ro code   0x800'0f60    0x4  startup_stm32f746xx.o [1]
  .text              ro code   0x800'0f64    0x4  startup_stm32f746xx.o [1]
  .text              ro code   0x800'0f68    0x4  startup_stm32f746xx.o [1]
  .text              ro code   0x800'0f6c    0x4  startup_stm32f746xx.o [1]
  .text              ro code   0x800'0f70    0x4  startup_stm32f746xx.o [1]
  .text              ro code   0x800'0f74    0x4  startup_stm32f746xx.o [1]
  .text              ro code   0x800'0f78    0x4  startup_stm32f746xx.o [1]
  .text              ro code   0x800'0f7c    0x4  startup_stm32f746xx.o [1]
  .text              ro code   0x800'0f80    0x4  startup_stm32f746xx.o [1]
  .text              ro code   0x800'0f84    0x4  startup_stm32f746xx.o [1]
  .text              ro code   0x800'0f88    0x4  startup_stm32f746xx.o [1]
  .text              ro code   0x800'0f8c    0x4  startup_stm32f746xx.o [1]
  .text              ro code   0x800'0f90    0x4  startup_stm32f746xx.o [1]
  .text              ro code   0x800'0f94    0x4  startup_stm32f746xx.o [1]
  .text              ro code   0x800'0f98    0x4  startup_stm32f746xx.o [1]
  .text              ro code   0x800'0f9c    0x4  startup_stm32f746xx.o [1]
  .text              ro code   0x800'0fa0    0x4  startup_stm32f746xx.o [1]
  .text              ro code   0x800'0fa4    0x4  startup_stm32f746xx.o [1]
  .text              ro code   0x800'0fa8    0x4  startup_stm32f746xx.o [1]
  .text              ro code   0x800'0fac    0x4  startup_stm32f746xx.o [1]
  .text              ro code   0x800'0fb0    0x4  startup_stm32f746xx.o [1]
  .text              ro code   0x800'0fb4    0x4  startup_stm32f746xx.o [1]
  .text              ro code   0x800'0fb8    0x4  startup_stm32f746xx.o [1]
  .text              ro code   0x800'0fbc    0x4  startup_stm32f746xx.o [1]
  .text              ro code   0x800'0fc0    0x4  startup_stm32f746xx.o [1]
  .text              ro code   0x800'0fc4    0x4  startup_stm32f746xx.o [1]
  .text              ro code   0x800'0fc8    0x4  startup_stm32f746xx.o [1]
  .text              ro code   0x800'0fcc    0x4  startup_stm32f746xx.o [1]
  .text              ro code   0x800'0fd0    0x4  startup_stm32f746xx.o [1]
  .text              ro code   0x800'0fd4    0x4  startup_stm32f746xx.o [1]
  .text              ro code   0x800'0fd8    0x4  startup_stm32f746xx.o [1]
  .text              ro code   0x800'0fdc    0x4  startup_stm32f746xx.o [1]
  .text              ro code   0x800'0fe0    0x4  startup_stm32f746xx.o [1]
  .text              ro code   0x800'0fe4    0x4  startup_stm32f746xx.o [1]
  .text              ro code   0x800'0fe8    0x4  startup_stm32f746xx.o [1]
  .text              ro code   0x800'0fec    0x4  startup_stm32f746xx.o [1]
  .text              ro code   0x800'0ff0    0x4  startup_stm32f746xx.o [1]
  .text              ro code   0x800'0ff4    0x4  startup_stm32f746xx.o [1]
  .text              ro code   0x800'0ff8    0x4  startup_stm32f746xx.o [1]
  .text              ro code   0x800'0ffc    0x4  startup_stm32f746xx.o [1]
  .text              ro code   0x800'1000    0x4  startup_stm32f746xx.o [1]
  .rodata            const     0x800'1004    0x0  copy_init3.o [4]
                             - 0x800'1004  0xe3c

"P2", part 1 of 2:                          0x10
  P2-1                        0x2000'0000   0x10  <Init block>
    .data            inited   0x2000'0000    0xc  stm32f7xx_hal.o [1]
    .data            inited   0x2000'000c    0x4  system_stm32f7xx.o [1]
                            - 0x2000'0010   0x10

"P2", part 2 of 2:                         0x400
  CSTACK                      0x2000'0010  0x400  <Block>
    CSTACK           uninit   0x2000'0010  0x400  <Block tail>
                            - 0x2000'0410  0x400

Unused ranges:

         From           To      Size
         ----           --      ----
   0x800'1004   0x80f'ffff  0xf'effc
  0x2000'0410  0x2004'ffff  0x4'fbf0


*******************************************************************************
*** INIT TABLE
***

          Address      Size
          -------      ----
Copy (__iar_copy_init3)
    1 source range, total size 0x10:
           0x800'0e68  0x10
    1 destination range, total size 0x10:
          0x2000'0000  0x10



*******************************************************************************
*** MODULE SUMMARY
***

    Module                  ro code  ro data  rw data
    ------                  -------  -------  -------
command line/config:
    -------------------------------------------------
    Total:

C:\Users\Admin\Documents\text\1st\EWARM\1st\Obj: [1]
    main.o                      360
    startup_stm32f746xx.o       856
    stm32f7xx_hal.o             114       12       12
    stm32f7xx_hal_cortex.o      196
    stm32f7xx_hal_gpio.o        548
    stm32f7xx_hal_msp.o          52
    stm32f7xx_hal_pwr_ex.o      116
    stm32f7xx_hal_rcc.o       1 164
    stm32f7xx_it.o               28
    system_stm32f7xx.o           96        4        4
    -------------------------------------------------
    Total:                    3 530       16       16

dl7M_tln.a: [2]
    exit.o                        4
    low_level_init.o              4
    -------------------------------------------------
    Total:                        8

m7M_tls.a: [3]
    fpinit_M.o                   34
    -------------------------------------------------
    Total:                       34

rt7M_tl.a: [4]
    ABImemclr4.o                  6
    ABImemset48.o                50
    I64DivMod_small.o           262
    I64DivZer.o                   2
    cexit.o                      10
    cmain.o                      30
    copy_init3.o                 44
    cstartup_M.o                 12
    data_init.o                  40
    -------------------------------------------------
    Total:                      456

shb_l.a: [5]
    exit.o                       20
    -------------------------------------------------
    Total:                       20

    Gaps                         14        2
    Linker created                        20    1 024
-----------------------------------------------------
    Grand Total:              4 062       38    1 040


*******************************************************************************
*** ENTRY LIST
***

Entry                       Address   Size  Type      Object
-----                       -------   ----  ----      ------
.iar.init_table$$Base    0x800'0dd0          --   Gb  - Linker created -
.iar.init_table$$Limit   0x800'0de4          --   Gb  - Linker created -
?main                    0x800'0de5         Code  Gb  cmain.o [4]
AHBPrescTable            0x800'0d48   0x10  Data  Gb  system_stm32f7xx.o [1]
BusFault_Handler         0x800'0e33    0x2  Code  Gb  stm32f7xx_it.o [1]
CSTACK$$Base            0x2000'0010          --   Gb  - Linker created -
CSTACK$$Limit           0x2000'0410          --   Gb  - Linker created -
DebugMon_Handler         0x800'0e39    0x2  Code  Gb  stm32f7xx_it.o [1]
EXTI15_10_IRQHandler     0x800'0e41    0x8  Code  Gb  stm32f7xx_it.o [1]
HAL_GPIO_EXTI_Callback   0x800'0a95   0x1e  Code  Gb  main.o [1]
HAL_GPIO_EXTI_IRQHandler
                         0x800'0a49   0x10  Code  Gb  stm32f7xx_hal_gpio.o [1]
HAL_GPIO_Init            0x800'0871  0x1b6  Code  Gb  stm32f7xx_hal_gpio.o [1]
HAL_GPIO_ReadPin         0x800'0a27    0xc  Code  Gb  stm32f7xx_hal_gpio.o [1]
HAL_GPIO_TogglePin       0x800'0a3b    0xe  Code  Gb  stm32f7xx_hal_gpio.o [1]
HAL_GPIO_WritePin        0x800'0a33    0x8  Code  Gb  stm32f7xx_hal_gpio.o [1]
HAL_GetTick              0x800'0655    0xc  Code  Wk  stm32f7xx_hal.o [1]
HAL_IncTick              0x800'0e49   0x10  Code  Wk  stm32f7xx_hal.o [1]
HAL_Init                 0x800'0bfd   0x16  Code  Gb  stm32f7xx_hal.o [1]
HAL_InitTick             0x800'0661   0x40  Code  Wk  stm32f7xx_hal.o [1]
HAL_MspInit              0x800'0c91   0x34  Code  Gb  stm32f7xx_hal_msp.o [1]
HAL_NVIC_EnableIRQ       0x800'0817   0x16  Code  Gb  stm32f7xx_hal_cortex.o [1]
HAL_NVIC_SetPriority     0x800'07dd   0x3a  Code  Gb  stm32f7xx_hal_cortex.o [1]
HAL_NVIC_SetPriorityGrouping
                         0x800'07c3   0x1a  Code  Gb  stm32f7xx_hal_cortex.o [1]
HAL_PWREx_EnableOverDrive
                         0x800'0c1d   0x46  Code  Gb  stm32f7xx_hal_pwr_ex.o [1]
HAL_RCC_ClockConfig      0x800'04db   0xf8  Code  Gb  stm32f7xx_hal_rcc.o [1]
HAL_RCC_GetSysClockFreq
                         0x800'05e7   0x4c  Code  Gb  stm32f7xx_hal_rcc.o [1]
HAL_RCC_OscConfig        0x800'01c9  0x312  Code  Gb  stm32f7xx_hal_rcc.o [1]
HAL_SYSTICK_Config       0x800'082d   0x28  Code  Gb  stm32f7xx_hal_cortex.o [1]
HardFault_Handler        0x800'0e2f    0x2  Code  Gb  stm32f7xx_it.o [1]
MemManage_Handler        0x800'0e31    0x2  Code  Gb  stm32f7xx_it.o [1]
NMI_Handler              0x800'0e2d    0x2  Code  Gb  stm32f7xx_it.o [1]
PendSV_Handler           0x800'0e3b    0x2  Code  Gb  stm32f7xx_it.o [1]
Region$$Table$$Base      0x800'0dd0          --   Gb  - Linker created -
Region$$Table$$Limit     0x800'0de4          --   Gb  - Linker created -
SVC_Handler              0x800'0e37    0x2  Code  Gb  stm32f7xx_it.o [1]
SysTick_Handler          0x800'0e3d    0x4  Code  Gb  stm32f7xx_it.o [1]
SystemClock_Config       0x800'0b5b   0x8e  Code  Gb  main.o [1]
SystemCoreClock         0x2000'000c    0x4  Data  Gb  system_stm32f7xx.o [1]
SystemInit               0x800'0cf9   0x3c  Code  Gb  system_stm32f7xx.o [1]
UsageFault_Handler       0x800'0e35    0x2  Code  Gb  stm32f7xx_it.o [1]
__NVIC_SetPriority       0x800'07a9   0x1a  Code  Lc  stm32f7xx_hal_cortex.o [1]
__aeabi_ldiv0            0x800'086d         Code  Gb  I64DivZer.o [4]
__aeabi_memclr4          0x800'0c15         Code  Gb  ABImemclr4.o [4]
__cmain                  0x800'0de5         Code  Gb  cmain.o [4]
__exit                   0x800'0e19   0x14  Code  Gb  exit.o [5]
__iar_Memset4_word       0x800'0cc5         Code  Gb  ABImemset48.o [4]
__iar_Memset8_word       0x800'0cc5         Code  Gb  ABImemset48.o [4]
__iar_copy_init3         0x800'0d59   0x2c  Code  Gb  copy_init3.o [4]
__iar_data_init3         0x800'0d85   0x28  Code  Gb  data_init.o [4]
__iar_init_vfp           0x800'0dad         Code  Gb  fpinit_M.o [3]
__iar_program_start      0x800'0e79         Code  Gb  cstartup_M.o [4]
__iar_small_uldivmod     0x800'06a1         Code  Gb  I64DivMod_small.o [4]
__low_level_init         0x800'0e03    0x4  Code  Gb  low_level_init.o [2]
__vector_table           0x800'0000         Data  Gb  startup_stm32f746xx.o [1]
_call_main               0x800'0df1         Code  Gb  cmain.o [4]
_exit                    0x800'0e0d         Code  Gb  cexit.o [4]
_main                    0x800'0dff         Code  Gb  cmain.o [4]
exit                     0x800'0e07    0x4  Code  Gb  exit.o [2]
main                     0x800'0ab3   0xa8  Code  Gb  main.o [1]
uwTick                  0x2000'0004    0x4  Data  Gb  stm32f7xx_hal.o [1]
uwTickFreq              0x2000'0000    0x1  Data  Gb  stm32f7xx_hal.o [1]
uwTickPrio              0x2000'0008    0x4  Data  Gb  stm32f7xx_hal.o [1]


[1] = C:\Users\Admin\Documents\text\1st\EWARM\1st\Obj
[2] = dl7M_tln.a
[3] = m7M_tls.a
[4] = rt7M_tl.a
[5] = shb_l.a

  4 062 bytes of readonly  code memory
     38 bytes of readonly  data memory
  1 040 bytes of readwrite data memory

Errors: none
Warnings: none
