###############################################################################
#
# IAR ELF Linker V8.32.1.169/W32 for ARM                  20/Mar/2020  16:55:56
# Copyright 2007-2018 IAR Systems AB.
#
#    Output file  =  C:\Users\Admin\Documents\ARM\PWM\EWARM\PWM\Exe\PWM.out
#    Map file     =  C:\Users\Admin\Documents\ARM\PWM\EWARM\PWM\List\PWM.map
#    Command line =  
#        -f C:\Users\Admin\AppData\Local\Temp\EWB188.tmp
#        (C:\Users\Admin\Documents\ARM\PWM\EWARM\PWM\Obj\main.o
#        C:\Users\Admin\Documents\ARM\PWM\EWARM\PWM\Obj\startup_stm32f103xe.o
#        C:\Users\Admin\Documents\ARM\PWM\EWARM\PWM\Obj\stm32f1xx_hal.o
#        C:\Users\Admin\Documents\ARM\PWM\EWARM\PWM\Obj\stm32f1xx_hal_cortex.o
#        C:\Users\Admin\Documents\ARM\PWM\EWARM\PWM\Obj\stm32f1xx_hal_dma.o
#        C:\Users\Admin\Documents\ARM\PWM\EWARM\PWM\Obj\stm32f1xx_hal_exti.o
#        C:\Users\Admin\Documents\ARM\PWM\EWARM\PWM\Obj\stm32f1xx_hal_flash.o
#        C:\Users\Admin\Documents\ARM\PWM\EWARM\PWM\Obj\stm32f1xx_hal_flash_ex.o
#        C:\Users\Admin\Documents\ARM\PWM\EWARM\PWM\Obj\stm32f1xx_hal_gpio.o
#        C:\Users\Admin\Documents\ARM\PWM\EWARM\PWM\Obj\stm32f1xx_hal_gpio_ex.o
#        C:\Users\Admin\Documents\ARM\PWM\EWARM\PWM\Obj\stm32f1xx_hal_msp.o
#        C:\Users\Admin\Documents\ARM\PWM\EWARM\PWM\Obj\stm32f1xx_hal_pwr.o
#        C:\Users\Admin\Documents\ARM\PWM\EWARM\PWM\Obj\stm32f1xx_hal_rcc.o
#        C:\Users\Admin\Documents\ARM\PWM\EWARM\PWM\Obj\stm32f1xx_hal_rcc_ex.o
#        C:\Users\Admin\Documents\ARM\PWM\EWARM\PWM\Obj\stm32f1xx_hal_tim.o
#        C:\Users\Admin\Documents\ARM\PWM\EWARM\PWM\Obj\stm32f1xx_hal_tim_ex.o
#        C:\Users\Admin\Documents\ARM\PWM\EWARM\PWM\Obj\stm32f1xx_it.o
#        C:\Users\Admin\Documents\ARM\PWM\EWARM\PWM\Obj\system_stm32f1xx.o
#        --redirect _Printf=_PrintfFull --redirect _Scanf=_ScanfFull
#        --no_out_extension -o
#        C:\Users\Admin\Documents\ARM\PWM\EWARM\PWM\Exe\PWM.out --map
#        C:\Users\Admin\Documents\ARM\PWM\EWARM\PWM\List\PWM.map --config
#        C:\Users\Admin\Documents\ARM\PWM\EWARM/stm32f103xe_flash.icf
#        --semihosting --entry __iar_program_start --vfe --text_out locale)
#
###############################################################################

*******************************************************************************
*** RUNTIME MODEL ATTRIBUTES
***

CppFlavor       = *
__SystemLibrary = DLib
__dlib_version  = 6


*******************************************************************************
*** HEAP SELECTION
***

The basic heap was selected because no calls to memory allocation
functions were found in the application outside of system library
functions, and there are calls to deallocation functions in the
application.


*******************************************************************************
*** PLACEMENT SUMMARY
***

"A0":  place at 0x800'0000 { ro section .intvec };
"P1":  place in [from 0x800'0000 to 0x807'ffff] { ro };
define block CSTACK with size = 1K, alignment = 8 { };
define block HEAP with size = 512, alignment = 8 { };
"P2":  place in [from 0x2000'0000 to 0x2000'ffff] {
          rw, block CSTACK, block HEAP };
initialize by copy { rw };

  Section            Kind         Address    Size  Object
  -------            ----         -------    ----  ------
"A0":                                       0x130
  .intvec            ro code   0x800'0000   0x130  startup_stm32f103xe.o [1]
                             - 0x800'0130   0x130

"P1":                                      0x12f9
  .text              ro code   0x800'0130   0x606  stm32f1xx_hal_tim.o [1]
  .text              ro code   0x800'0738    0xf4  stm32f1xx_hal_msp.o [1]
  .text              ro code   0x800'082c     0x2  stm32f1xx_hal_tim.o [1]
  .text              ro code   0x800'082e     0x2  stm32f1xx_hal_tim.o [1]
  .text              ro code   0x800'0830     0x2  stm32f1xx_hal_tim.o [1]
  .text              ro code   0x800'0832     0x2  stm32f1xx_hal_tim.o [1]
  .text              ro code   0x800'0834     0x2  stm32f1xx_hal_tim_ex.o [1]
  .text              ro code   0x800'0836     0x2  stm32f1xx_hal_tim.o [1]
  .text              ro code   0x800'0838     0x2  stm32f1xx_hal_tim_ex.o [1]
  .text              ro code   0x800'083a     0x2  stm32f1xx_hal_tim.o [1]
  .text              ro code   0x800'083c    0xc4  stm32f1xx_hal_cortex.o [1]
  .text              ro code   0x800'0900     0x6  ABImemclr4.o [3]
  .text              ro code   0x800'0908   0x1d0  stm32f1xx_hal_gpio.o [1]
  .text              ro code   0x800'0ad8    0x32  ABImemset48.o [3]
  .text              ro code   0x800'0b0c   0x4a2  stm32f1xx_hal_rcc.o [1]
  .text              ro code   0x800'0fb0     0xc  stm32f1xx_hal.o [1]
  .text              ro code   0x800'0fbc    0x40  stm32f1xx_hal.o [1]
  .text              ro code   0x800'0ffc   0x148  main.o [1]
  .text              ro code   0x800'1144    0x24  stm32f1xx_hal.o [1]
  .text              ro code   0x800'1168    0x3e  stm32f1xx_hal_tim_ex.o [1]
  .text              ro code   0x800'11a8    0x28  stm32f1xx_hal.o [1]
  .text              ro code   0x800'11d0    0x5c  system_stm32f1xx.o [1]
  .text              ro code   0x800'122c    0x38  packbits_init_single.o [3]
  .text              ro code   0x800'1264    0x28  data_init.o [3]
  .iar.init_table    const     0x800'128c    0x10  - Linker created -
  .text              ro code   0x800'129c    0x20  stm32f1xx_it.o [1]
  .text              ro code   0x800'12bc    0x10  stm32f1xx_hal.o [1]
  .text              ro code   0x800'12cc    0x1e  cmain.o [3]
  .text              ro code   0x800'12ea     0x4  low_level_init.o [2]
  .text              ro code   0x800'12ee     0x4  exit.o [2]
  .text              ro code   0x800'12f4     0xa  cexit.o [3]
  .text              ro code   0x800'1300    0x14  exit.o [4]
  .text              ro code   0x800'1314    0x10  startup_stm32f103xe.o [1]
  .text              ro code   0x800'1324     0xc  cstartup_M.o [3]
  .text              ro code   0x800'1330     0x4  startup_stm32f103xe.o [1]
  .text              ro code   0x800'1334     0x4  startup_stm32f103xe.o [1]
  .text              ro code   0x800'1338     0x4  startup_stm32f103xe.o [1]
  .text              ro code   0x800'133c     0x4  startup_stm32f103xe.o [1]
  .text              ro code   0x800'1340     0x4  startup_stm32f103xe.o [1]
  .text              ro code   0x800'1344     0x4  startup_stm32f103xe.o [1]
  .text              ro code   0x800'1348     0x4  startup_stm32f103xe.o [1]
  .text              ro code   0x800'134c     0x4  startup_stm32f103xe.o [1]
  .text              ro code   0x800'1350     0x4  startup_stm32f103xe.o [1]
  .text              ro code   0x800'1354     0x4  startup_stm32f103xe.o [1]
  .text              ro code   0x800'1358     0x4  startup_stm32f103xe.o [1]
  .text              ro code   0x800'135c     0x4  startup_stm32f103xe.o [1]
  .text              ro code   0x800'1360     0x4  startup_stm32f103xe.o [1]
  .text              ro code   0x800'1364     0x4  startup_stm32f103xe.o [1]
  .text              ro code   0x800'1368     0x4  startup_stm32f103xe.o [1]
  .text              ro code   0x800'136c     0x4  startup_stm32f103xe.o [1]
  .text              ro code   0x800'1370     0x4  startup_stm32f103xe.o [1]
  .text              ro code   0x800'1374     0x4  startup_stm32f103xe.o [1]
  .text              ro code   0x800'1378     0x4  startup_stm32f103xe.o [1]
  .text              ro code   0x800'137c     0x4  startup_stm32f103xe.o [1]
  .text              ro code   0x800'1380     0x4  startup_stm32f103xe.o [1]
  .text              ro code   0x800'1384     0x4  startup_stm32f103xe.o [1]
  .text              ro code   0x800'1388     0x4  startup_stm32f103xe.o [1]
  .text              ro code   0x800'138c     0x4  startup_stm32f103xe.o [1]
  .text              ro code   0x800'1390     0x4  startup_stm32f103xe.o [1]
  .text              ro code   0x800'1394     0x4  startup_stm32f103xe.o [1]
  .text              ro code   0x800'1398     0x4  startup_stm32f103xe.o [1]
  .text              ro code   0x800'139c     0x4  startup_stm32f103xe.o [1]
  .text              ro code   0x800'13a0     0x4  startup_stm32f103xe.o [1]
  .text              ro code   0x800'13a4     0x4  startup_stm32f103xe.o [1]
  .text              ro code   0x800'13a8     0x4  startup_stm32f103xe.o [1]
  .text              ro code   0x800'13ac     0x4  startup_stm32f103xe.o [1]
  .text              ro code   0x800'13b0     0x4  startup_stm32f103xe.o [1]
  .text              ro code   0x800'13b4     0x4  startup_stm32f103xe.o [1]
  .text              ro code   0x800'13b8     0x4  startup_stm32f103xe.o [1]
  .text              ro code   0x800'13bc     0x4  startup_stm32f103xe.o [1]
  .text              ro code   0x800'13c0     0x4  startup_stm32f103xe.o [1]
  .text              ro code   0x800'13c4     0x4  startup_stm32f103xe.o [1]
  .text              ro code   0x800'13c8     0x4  startup_stm32f103xe.o [1]
  .text              ro code   0x800'13cc     0x4  startup_stm32f103xe.o [1]
  .text              ro code   0x800'13d0     0x4  startup_stm32f103xe.o [1]
  .text              ro code   0x800'13d4     0x4  startup_stm32f103xe.o [1]
  .text              ro code   0x800'13d8     0x4  startup_stm32f103xe.o [1]
  .text              ro code   0x800'13dc     0x4  startup_stm32f103xe.o [1]
  .text              ro code   0x800'13e0     0x4  startup_stm32f103xe.o [1]
  .text              ro code   0x800'13e4     0x4  startup_stm32f103xe.o [1]
  .text              ro code   0x800'13e8     0x4  startup_stm32f103xe.o [1]
  .text              ro code   0x800'13ec     0x4  startup_stm32f103xe.o [1]
  .text              ro code   0x800'13f0     0x4  startup_stm32f103xe.o [1]
  .text              ro code   0x800'13f4     0x4  startup_stm32f103xe.o [1]
  .text              ro code   0x800'13f8     0x4  startup_stm32f103xe.o [1]
  .text              ro code   0x800'13fc     0x4  startup_stm32f103xe.o [1]
  .text              ro code   0x800'1400     0x4  startup_stm32f103xe.o [1]
  .text              ro code   0x800'1404     0x4  startup_stm32f103xe.o [1]
  .text              ro code   0x800'1408     0x4  startup_stm32f103xe.o [1]
  .text              ro code   0x800'140c     0x4  startup_stm32f103xe.o [1]
  .text              ro code   0x800'1410     0x4  startup_stm32f103xe.o [1]
  .text              ro code   0x800'1414     0x4  startup_stm32f103xe.o [1]
  .text              ro code   0x800'1418     0x4  startup_stm32f103xe.o [1]
  .rodata            const     0x800'141c     0x0  packbits_init_single.o [3]
  Initializer bytes  const     0x800'141c     0xd  <for P2-1>
                             - 0x800'1429  0x12f9

"P2", part 1 of 2:                           0x50
  P2-1                        0x2000'0000    0x50  <Init block>
    .data            inited   0x2000'0000     0xc  stm32f1xx_hal.o [1]
    .data            inited   0x2000'000c     0x4  system_stm32f1xx.o [1]
    .bss             inited   0x2000'0010    0x40  main.o [1]
                            - 0x2000'0050    0x50

"P2", part 2 of 2:                          0x400
  CSTACK                      0x2000'0050   0x400  <Block>
    CSTACK           uninit   0x2000'0050   0x400  <Block tail>
                            - 0x2000'0450   0x400

Unused ranges:

         From           To      Size
         ----           --      ----
   0x800'1429   0x807'ffff  0x7'ebd7
  0x2000'0450  0x2000'ffff    0xfbb0


*******************************************************************************
*** INIT TABLE
***

          Address      Size
          -------      ----
Copy/packbits (__iar_packbits_init_single3)
    1 source range, total size 0xd (16% of destination):
           0x800'141c   0xd
    1 destination range, total size 0x50:
          0x2000'0000  0x50



*******************************************************************************
*** MODULE SUMMARY
***

    Module                  ro code  ro data  rw data
    ------                  -------  -------  -------
command line/config:
    -------------------------------------------------
    Total:

C:\Users\Admin\Documents\ARM\PWM\EWARM\PWM\Obj: [1]
    main.o                      328       11       64
    startup_stm32f103xe.o       556
    stm32f1xx_hal.o             168        1       12
    stm32f1xx_hal_cortex.o      196
    stm32f1xx_hal_gpio.o        464
    stm32f1xx_hal_msp.o         244
    stm32f1xx_hal_rcc.o       1 186
    stm32f1xx_hal_tim.o       1 554
    stm32f1xx_hal_tim_ex.o       66
    stm32f1xx_it.o               32
    system_stm32f1xx.o           92        1        4
    -------------------------------------------------
    Total:                    4 886       13       80

dl7M_tln.a: [2]
    exit.o                        4
    low_level_init.o              4
    -------------------------------------------------
    Total:                        8

rt7M_tl.a: [3]
    ABImemclr4.o                  6
    ABImemset48.o                50
    cexit.o                      10
    cmain.o                      30
    cstartup_M.o                 12
    data_init.o                  40
    packbits_init_single.o       56
    -------------------------------------------------
    Total:                      204

shb_l.a: [4]
    exit.o                       20
    -------------------------------------------------
    Total:                       20

    Gaps                         14
    Linker created                        16    1 024
-----------------------------------------------------
    Grand Total:              5 132       29    1 104


*******************************************************************************
*** ENTRY LIST
***

Entry                       Address   Size  Type      Object
-----                       -------   ----  ----      ------
.iar.init_table$$Base    0x800'128c          --   Gb  - Linker created -
.iar.init_table$$Limit   0x800'129c          --   Gb  - Linker created -
?main                    0x800'12cd         Code  Gb  cmain.o [3]
AHBPrescTable            0x800'121c   0x10  Data  Gb  system_stm32f1xx.o [1]
BusFault_Handler         0x800'12a3    0x2  Code  Gb  stm32f1xx_it.o [1]
CSTACK$$Base            0x2000'0050          --   Gb  - Linker created -
CSTACK$$Limit           0x2000'0450          --   Gb  - Linker created -
DebugMon_Handler         0x800'12a9    0x2  Code  Gb  stm32f1xx_it.o [1]
HAL_Delay                0x800'11a9   0x28  Code  Wk  stm32f1xx_hal.o [1]
HAL_GPIO_Init            0x800'0909  0x194  Code  Gb  stm32f1xx_hal_gpio.o [1]
HAL_GetTick              0x800'0fb1    0xc  Code  Wk  stm32f1xx_hal.o [1]
HAL_IncTick              0x800'12bd   0x10  Code  Wk  stm32f1xx_hal.o [1]
HAL_Init                 0x800'1145   0x20  Code  Gb  stm32f1xx_hal.o [1]
HAL_InitTick             0x800'0fbd   0x40  Code  Wk  stm32f1xx_hal.o [1]
HAL_MspInit              0x800'0739   0x3a  Code  Gb  stm32f1xx_hal_msp.o [1]
HAL_NVIC_EnableIRQ       0x800'08ab   0x16  Code  Gb  stm32f1xx_hal_cortex.o [1]
HAL_NVIC_SetPriority     0x800'0871   0x3a  Code  Gb  stm32f1xx_hal_cortex.o [1]
HAL_NVIC_SetPriorityGrouping
                         0x800'0857   0x1a  Code  Gb  stm32f1xx_hal_cortex.o [1]
HAL_RCC_ClockConfig      0x800'0e2d   0xf4  Code  Gb  stm32f1xx_hal_rcc.o [1]
HAL_RCC_GetSysClockFreq
                         0x800'0f35   0x3a  Code  Gb  stm32f1xx_hal_rcc.o [1]
HAL_RCC_GetSysClockFreq::aPLLMULFactorTable
                         0x800'0f9c   0x10  Data  Lc  stm32f1xx_hal_rcc.o [1]
HAL_RCC_GetSysClockFreq::aPredivFactorTable
                         0x800'0fac    0x2  Data  Lc  stm32f1xx_hal_rcc.o [1]
HAL_RCC_OscConfig        0x800'0b0d  0x318  Code  Gb  stm32f1xx_hal_rcc.o [1]
HAL_SYSTICK_Config       0x800'08c1   0x28  Code  Gb  stm32f1xx_hal_cortex.o [1]
HAL_TIMEx_BreakCallback
                         0x800'0835    0x2  Code  Wk  stm32f1xx_hal_tim_ex.o [1]
HAL_TIMEx_CommutCallback
                         0x800'0839    0x2  Code  Wk  stm32f1xx_hal_tim_ex.o [1]
HAL_TIMEx_MasterConfigSynchronization
                         0x800'1169   0x3e  Code  Gb  stm32f1xx_hal_tim_ex.o [1]
HAL_TIM_Base_Init        0x800'0131   0x1a  Code  Gb  stm32f1xx_hal_tim.o [1]
HAL_TIM_Base_MspInit     0x800'0773   0x4a  Code  Gb  stm32f1xx_hal_msp.o [1]
HAL_TIM_ConfigClockSource
                         0x800'0411   0x90  Code  Gb  stm32f1xx_hal_tim.o [1]
HAL_TIM_IRQHandler       0x800'01d9  0x142  Code  Gb  stm32f1xx_hal_tim.o [1]
HAL_TIM_MspPostInit      0x800'07bd   0x28  Code  Gb  stm32f1xx_hal_msp.o [1]
HAL_TIM_PWM_ConfigChannel
                         0x800'0321   0xbc  Code  Gb  stm32f1xx_hal_tim.o [1]
HAL_TIM_PWM_Init         0x800'017f   0x1a  Code  Gb  stm32f1xx_hal_tim.o [1]
HAL_TIM_PWM_Start        0x800'0199   0x14  Code  Gb  stm32f1xx_hal_tim.o [1]
HardFault_Handler        0x800'129f    0x2  Code  Gb  stm32f1xx_it.o [1]
MemManage_Handler        0x800'12a1    0x2  Code  Gb  stm32f1xx_it.o [1]
NMI_Handler              0x800'129d    0x2  Code  Gb  stm32f1xx_it.o [1]
PendSV_Handler           0x800'12ab    0x2  Code  Gb  stm32f1xx_it.o [1]
Region$$Table$$Base      0x800'128c          --   Gb  - Linker created -
Region$$Table$$Limit     0x800'129c          --   Gb  - Linker created -
SVC_Handler              0x800'12a7    0x2  Code  Gb  stm32f1xx_it.o [1]
SysTick_Handler          0x800'12ad    0x4  Code  Gb  stm32f1xx_it.o [1]
SystemClock_Config       0x800'10fb   0x42  Code  Gb  main.o [1]
SystemCoreClock         0x2000'000c    0x4  Data  Gb  system_stm32f1xx.o [1]
SystemInit               0x800'11d1   0x3c  Code  Gb  system_stm32f1xx.o [1]
TIM3_IRQHandler          0x800'12b1    0x6  Code  Gb  stm32f1xx_it.o [1]
TIM_Base_SetConfig       0x800'04cb   0x74  Code  Gb  stm32f1xx_hal_tim.o [1]
TIM_CCxChannelCmd        0x800'071b   0x16  Code  Gb  stm32f1xx_hal_tim.o [1]
TIM_ETR_SetConfig        0x800'0707   0x14  Code  Gb  stm32f1xx_hal_tim.o [1]
TIM_ITRx_SetConfig       0x800'06f7   0x10  Code  Lc  stm32f1xx_hal_tim.o [1]
TIM_OC1_SetConfig        0x800'053f   0x58  Code  Lc  stm32f1xx_hal_tim.o [1]
TIM_OC2_SetConfig        0x800'0597   0x60  Code  Gb  stm32f1xx_hal_tim.o [1]
TIM_OC3_SetConfig        0x800'05f7   0x5e  Code  Lc  stm32f1xx_hal_tim.o [1]
TIM_OC4_SetConfig        0x800'0655   0x46  Code  Lc  stm32f1xx_hal_tim.o [1]
TIM_TI1_ConfigInputStage
                         0x800'06b5   0x1e  Code  Lc  stm32f1xx_hal_tim.o [1]
TIM_TI2_ConfigInputStage
                         0x800'06d3   0x24  Code  Lc  stm32f1xx_hal_tim.o [1]
UsageFault_Handler       0x800'12a5    0x2  Code  Gb  stm32f1xx_it.o [1]
__NVIC_SetPriority       0x800'083d   0x1a  Code  Lc  stm32f1xx_hal_cortex.o [1]
__aeabi_memclr4          0x800'0901         Code  Gb  ABImemclr4.o [3]
__cmain                  0x800'12cd         Code  Gb  cmain.o [3]
__exit                   0x800'1301   0x14  Code  Gb  exit.o [4]
__iar_Memset4_word       0x800'0ad9         Code  Gb  ABImemset48.o [3]
__iar_Memset8_word       0x800'0ad9         Code  Gb  ABImemset48.o [3]
__iar_data_init3         0x800'1265   0x28  Code  Gb  data_init.o [3]
__iar_packbits_init_single3
                         0x800'122d   0x38  Code  Gb  packbits_init_single.o [3]
__iar_program_start      0x800'1325         Code  Gb  cstartup_M.o [3]
__low_level_init         0x800'12eb    0x4  Code  Gb  low_level_init.o [2]
__vector_table           0x800'0000         Data  Gb  startup_stm32f103xe.o [1]
_call_main               0x800'12d9         Code  Gb  cmain.o [3]
_exit                    0x800'12f5         Code  Gb  cexit.o [3]
_main                    0x800'12e7         Code  Gb  cmain.o [3]
exit                     0x800'12ef    0x4  Code  Gb  exit.o [2]
htim3                   0x2000'0010   0x40  Data  Gb  main.o [1]
main                     0x800'0ffd   0xe6  Code  Gb  main.o [1]
uwTick                  0x2000'0004    0x4  Data  Gb  stm32f1xx_hal.o [1]
uwTickFreq              0x2000'0000    0x1  Data  Gb  stm32f1xx_hal.o [1]
uwTickPrio              0x2000'0008    0x4  Data  Gb  stm32f1xx_hal.o [1]


[1] = C:\Users\Admin\Documents\ARM\PWM\EWARM\PWM\Obj
[2] = dl7M_tln.a
[3] = rt7M_tl.a
[4] = shb_l.a

  5 132 bytes of readonly  code memory
     29 bytes of readonly  data memory
  1 104 bytes of readwrite data memory

Errors: none
Warnings: none
