###############################################################################
#
# IAR ELF Linker V8.32.1.169/W32 for ARM                  20/Mar/2020  09:25:41
# Copyright 2007-2018 IAR Systems AB.
#
#    Output file  =  
#        C:\Users\Admin\Documents\ARM\USART\EWARM\USART\Exe\USART.out
#    Map file     =  
#        C:\Users\Admin\Documents\ARM\USART\EWARM\USART\List\USART.map
#    Command line =  
#        -f C:\Users\Admin\AppData\Local\Temp\EW78DD.tmp
#        (C:\Users\Admin\Documents\ARM\USART\EWARM\USART\Obj\main.o
#        C:\Users\Admin\Documents\ARM\USART\EWARM\USART\Obj\startup_stm32f103xe.o
#        C:\Users\Admin\Documents\ARM\USART\EWARM\USART\Obj\stm32f1xx_hal.o
#        C:\Users\Admin\Documents\ARM\USART\EWARM\USART\Obj\stm32f1xx_hal_cortex.o
#        C:\Users\Admin\Documents\ARM\USART\EWARM\USART\Obj\stm32f1xx_hal_dma.o
#        C:\Users\Admin\Documents\ARM\USART\EWARM\USART\Obj\stm32f1xx_hal_exti.o
#        C:\Users\Admin\Documents\ARM\USART\EWARM\USART\Obj\stm32f1xx_hal_flash.o
#        C:\Users\Admin\Documents\ARM\USART\EWARM\USART\Obj\stm32f1xx_hal_flash_ex.o
#        C:\Users\Admin\Documents\ARM\USART\EWARM\USART\Obj\stm32f1xx_hal_gpio.o
#        C:\Users\Admin\Documents\ARM\USART\EWARM\USART\Obj\stm32f1xx_hal_gpio_ex.o
#        C:\Users\Admin\Documents\ARM\USART\EWARM\USART\Obj\stm32f1xx_hal_msp.o
#        C:\Users\Admin\Documents\ARM\USART\EWARM\USART\Obj\stm32f1xx_hal_pwr.o
#        C:\Users\Admin\Documents\ARM\USART\EWARM\USART\Obj\stm32f1xx_hal_rcc.o
#        C:\Users\Admin\Documents\ARM\USART\EWARM\USART\Obj\stm32f1xx_hal_rcc_ex.o
#        C:\Users\Admin\Documents\ARM\USART\EWARM\USART\Obj\stm32f1xx_hal_tim.o
#        C:\Users\Admin\Documents\ARM\USART\EWARM\USART\Obj\stm32f1xx_hal_tim_ex.o
#        C:\Users\Admin\Documents\ARM\USART\EWARM\USART\Obj\stm32f1xx_hal_uart.o
#        C:\Users\Admin\Documents\ARM\USART\EWARM\USART\Obj\stm32f1xx_it.o
#        C:\Users\Admin\Documents\ARM\USART\EWARM\USART\Obj\system_stm32f1xx.o
#        --redirect _Printf=_PrintfFull --redirect _Scanf=_ScanfFull
#        --no_out_extension -o
#        C:\Users\Admin\Documents\ARM\USART\EWARM\USART\Exe\USART.out --map
#        C:\Users\Admin\Documents\ARM\USART\EWARM\USART\List\USART.map --config
#        C:\Users\Admin\Documents\ARM\USART\EWARM/stm32f103xe_flash.icf
#        --semihosting --entry __iar_program_start --vfe --text_out locale)
#
###############################################################################

*******************************************************************************
*** RUNTIME MODEL ATTRIBUTES
***

CppFlavor       = *
__SystemLibrary = DLib
__dlib_version  = 6


*******************************************************************************
*** HEAP SELECTION
***

The basic heap was selected because no calls to memory allocation
functions were found in the application outside of system library
functions, and there are calls to deallocation functions in the
application.


*******************************************************************************
*** PLACEMENT SUMMARY
***

"A0":  place at 0x800'0000 { ro section .intvec };
"P1":  place in [from 0x800'0000 to 0x807'ffff] { ro };
define block CSTACK with size = 1K, alignment = 8 { };
define block HEAP with size = 512, alignment = 8 { };
"P2":  place in [from 0x2000'0000 to 0x2000'ffff] {
          rw, block CSTACK, block HEAP };
initialize by copy { rw };

  Section            Kind         Address    Size  Object
  -------            ----         -------    ----  ------
"A0":                                       0x130
  .intvec            ro code   0x800'0000   0x130  startup_stm32f103xe.o [1]
                             - 0x800'0130   0x130

"P1":                                      0x113c
  .text              ro code   0x800'0130   0x4ca  stm32f1xx_hal_rcc.o [1]
  .text              ro code   0x800'05fa    0x3a  zero_init3.o [3]
  .text              ro code   0x800'0634     0xc  stm32f1xx_hal.o [1]
  .text              ro code   0x800'0640    0x40  stm32f1xx_hal.o [1]
  .text              ro code   0x800'0680    0xc4  stm32f1xx_hal_cortex.o [1]
  .text              ro code   0x800'0744   0x3a4  stm32f1xx_hal_uart.o [1]
  .text              ro code   0x800'0ae8    0xc8  stm32f1xx_hal_msp.o [1]
  .text              ro code   0x800'0bb0   0x110  stm32f1xx_hal_dma.o [1]
  .text              ro code   0x800'0cc0     0x2  stm32f1xx_hal_uart.o [1]
  .text              ro code   0x800'0cc2     0x2  stm32f1xx_hal_uart.o [1]
  .text              ro code   0x800'0cc4    0xf4  main.o [1]
  .text              ro code   0x800'0db8     0x6  ABImemclr4.o [3]
  .text              ro code   0x800'0dc0   0x1d0  stm32f1xx_hal_gpio.o [1]
  .text              ro code   0x800'0f90    0x24  stm32f1xx_hal.o [1]
  .text              ro code   0x800'0fb4    0x18  ABImemcpy_small.o [3]
  .text              ro code   0x800'0fcc    0x32  ABImemset48.o [3]
  .text              ro code   0x800'1000    0x5c  system_stm32f1xx.o [1]
  .text              ro code   0x800'105c    0x2c  copy_init3.o [3]
  .text              ro code   0x800'1088    0x28  data_init.o [3]
  .iar.init_table    const     0x800'10b0    0x24  - Linker created -
  .text              ro code   0x800'10d4    0x20  stm32f1xx_it.o [1]
  .text              ro code   0x800'10f4    0x10  stm32f1xx_hal.o [1]
  .text              ro code   0x800'1104    0x1e  cmain.o [3]
  .text              ro code   0x800'1122     0x4  low_level_init.o [2]
  .text              ro code   0x800'1126     0x4  exit.o [2]
  .text              ro code   0x800'112c     0xa  cexit.o [3]
  .text              ro code   0x800'1138    0x14  exit.o [4]
  .text              ro code   0x800'114c    0x10  startup_stm32f103xe.o [1]
  Initializer bytes  const     0x800'115c    0x10  <for P2-1>
  .text              ro code   0x800'116c     0xc  cstartup_M.o [3]
  .rodata            const     0x800'1178     0x8  system_stm32f1xx.o [1]
  .text              ro code   0x800'1180     0x4  startup_stm32f103xe.o [1]
  .text              ro code   0x800'1184     0x4  startup_stm32f103xe.o [1]
  .text              ro code   0x800'1188     0x4  startup_stm32f103xe.o [1]
  .text              ro code   0x800'118c     0x4  startup_stm32f103xe.o [1]
  .text              ro code   0x800'1190     0x4  startup_stm32f103xe.o [1]
  .text              ro code   0x800'1194     0x4  startup_stm32f103xe.o [1]
  .text              ro code   0x800'1198     0x4  startup_stm32f103xe.o [1]
  .text              ro code   0x800'119c     0x4  startup_stm32f103xe.o [1]
  .text              ro code   0x800'11a0     0x4  startup_stm32f103xe.o [1]
  .text              ro code   0x800'11a4     0x4  startup_stm32f103xe.o [1]
  .text              ro code   0x800'11a8     0x4  startup_stm32f103xe.o [1]
  .text              ro code   0x800'11ac     0x4  startup_stm32f103xe.o [1]
  .text              ro code   0x800'11b0     0x4  startup_stm32f103xe.o [1]
  .text              ro code   0x800'11b4     0x4  startup_stm32f103xe.o [1]
  .text              ro code   0x800'11b8     0x4  startup_stm32f103xe.o [1]
  .text              ro code   0x800'11bc     0x4  startup_stm32f103xe.o [1]
  .text              ro code   0x800'11c0     0x4  startup_stm32f103xe.o [1]
  .text              ro code   0x800'11c4     0x4  startup_stm32f103xe.o [1]
  .text              ro code   0x800'11c8     0x4  startup_stm32f103xe.o [1]
  .text              ro code   0x800'11cc     0x4  startup_stm32f103xe.o [1]
  .text              ro code   0x800'11d0     0x4  startup_stm32f103xe.o [1]
  .text              ro code   0x800'11d4     0x4  startup_stm32f103xe.o [1]
  .text              ro code   0x800'11d8     0x4  startup_stm32f103xe.o [1]
  .text              ro code   0x800'11dc     0x4  startup_stm32f103xe.o [1]
  .text              ro code   0x800'11e0     0x4  startup_stm32f103xe.o [1]
  .text              ro code   0x800'11e4     0x4  startup_stm32f103xe.o [1]
  .text              ro code   0x800'11e8     0x4  startup_stm32f103xe.o [1]
  .text              ro code   0x800'11ec     0x4  startup_stm32f103xe.o [1]
  .text              ro code   0x800'11f0     0x4  startup_stm32f103xe.o [1]
  .text              ro code   0x800'11f4     0x4  startup_stm32f103xe.o [1]
  .text              ro code   0x800'11f8     0x4  startup_stm32f103xe.o [1]
  .text              ro code   0x800'11fc     0x4  startup_stm32f103xe.o [1]
  .text              ro code   0x800'1200     0x4  startup_stm32f103xe.o [1]
  .text              ro code   0x800'1204     0x4  startup_stm32f103xe.o [1]
  .text              ro code   0x800'1208     0x4  startup_stm32f103xe.o [1]
  .text              ro code   0x800'120c     0x4  startup_stm32f103xe.o [1]
  .text              ro code   0x800'1210     0x4  startup_stm32f103xe.o [1]
  .text              ro code   0x800'1214     0x4  startup_stm32f103xe.o [1]
  .text              ro code   0x800'1218     0x4  startup_stm32f103xe.o [1]
  .text              ro code   0x800'121c     0x4  startup_stm32f103xe.o [1]
  .text              ro code   0x800'1220     0x4  startup_stm32f103xe.o [1]
  .text              ro code   0x800'1224     0x4  startup_stm32f103xe.o [1]
  .text              ro code   0x800'1228     0x4  startup_stm32f103xe.o [1]
  .text              ro code   0x800'122c     0x4  startup_stm32f103xe.o [1]
  .text              ro code   0x800'1230     0x4  startup_stm32f103xe.o [1]
  .text              ro code   0x800'1234     0x4  startup_stm32f103xe.o [1]
  .text              ro code   0x800'1238     0x4  startup_stm32f103xe.o [1]
  .text              ro code   0x800'123c     0x4  startup_stm32f103xe.o [1]
  .text              ro code   0x800'1240     0x4  startup_stm32f103xe.o [1]
  .text              ro code   0x800'1244     0x4  startup_stm32f103xe.o [1]
  .text              ro code   0x800'1248     0x4  startup_stm32f103xe.o [1]
  .text              ro code   0x800'124c     0x4  startup_stm32f103xe.o [1]
  .text              ro code   0x800'1250     0x4  startup_stm32f103xe.o [1]
  .text              ro code   0x800'1254     0x4  startup_stm32f103xe.o [1]
  .text              ro code   0x800'1258     0x4  startup_stm32f103xe.o [1]
  .text              ro code   0x800'125c     0x4  startup_stm32f103xe.o [1]
  .text              ro code   0x800'1260     0x4  startup_stm32f103xe.o [1]
  .text              ro code   0x800'1264     0x4  startup_stm32f103xe.o [1]
  .text              ro code   0x800'1268     0x4  startup_stm32f103xe.o [1]
  .rodata            const     0x800'126c     0x0  zero_init3.o [3]
  .rodata            const     0x800'126c     0x0  copy_init3.o [3]
                             - 0x800'126c  0x113c

"P2", part 1 of 3:                           0x10
  P2-1                        0x2000'0000    0x10  <Init block>
    .data            inited   0x2000'0000     0xc  stm32f1xx_hal.o [1]
    .data            inited   0x2000'000c     0x4  system_stm32f1xx.o [1]
                            - 0x2000'0010    0x10

"P2", part 2 of 3:                           0x54
  .bss               zero     0x2000'0010    0x54  main.o [1]
                            - 0x2000'0064    0x54

"P2", part 3 of 3:                          0x400
  CSTACK                      0x2000'0068   0x400  <Block>
    CSTACK           uninit   0x2000'0068   0x400  <Block tail>
                            - 0x2000'0468   0x400

Unused ranges:

         From           To      Size
         ----           --      ----
   0x800'126c   0x807'ffff  0x7'ed94
  0x2000'0064  0x2000'0067       0x4
  0x2000'0468  0x2000'ffff    0xfb98


*******************************************************************************
*** INIT TABLE
***

          Address      Size
          -------      ----
Zero (__iar_zero_init3)
    1 destination range, total size 0x54:
          0x2000'0010  0x54

Copy (__iar_copy_init3)
    1 source range, total size 0x10:
           0x800'115c  0x10
    1 destination range, total size 0x10:
          0x2000'0000  0x10



*******************************************************************************
*** MODULE SUMMARY
***

    Module                  ro code  ro data  rw data
    ------                  -------  -------  -------
command line/config:
    -------------------------------------------------
    Total:

C:\Users\Admin\Documents\ARM\USART\EWARM\USART\Obj: [1]
    main.o                      244                84
    startup_stm32f103xe.o       556
    stm32f1xx_hal.o             128       12       12
    stm32f1xx_hal_cortex.o      196
    stm32f1xx_hal_dma.o         272
    stm32f1xx_hal_gpio.o        464
    stm32f1xx_hal_msp.o         200
    stm32f1xx_hal_rcc.o       1 226
    stm32f1xx_hal_uart.o        936
    stm32f1xx_it.o               32
    system_stm32f1xx.o           92       12        4
    -------------------------------------------------
    Total:                    4 346       24      100

dl7M_tln.a: [2]
    exit.o                        4
    low_level_init.o              4
    -------------------------------------------------
    Total:                        8

rt7M_tl.a: [3]
    ABImemclr4.o                  6
    ABImemcpy_small.o            24
    ABImemset48.o                50
    cexit.o                      10
    cmain.o                      30
    copy_init3.o                 44
    cstartup_M.o                 12
    data_init.o                  40
    zero_init3.o                 58
    -------------------------------------------------
    Total:                      274

shb_l.a: [4]
    exit.o                       20
    -------------------------------------------------
    Total:                       20

    Gaps                          8
    Linker created                        36    1 024
-----------------------------------------------------
    Grand Total:              4 656       60    1 124


*******************************************************************************
*** ENTRY LIST
***

Entry                       Address   Size  Type      Object
-----                       -------   ----  ----      ------
.iar.init_table$$Base    0x800'10b0          --   Gb  - Linker created -
.iar.init_table$$Limit   0x800'10d4          --   Gb  - Linker created -
?main                    0x800'1105         Code  Gb  cmain.o [3]
AHBPrescTable            0x800'104c   0x10  Data  Gb  system_stm32f1xx.o [1]
APBPrescTable            0x800'1178    0x8  Data  Gb  system_stm32f1xx.o [1]
BusFault_Handler         0x800'10db    0x2  Code  Gb  stm32f1xx_it.o [1]
CSTACK$$Base            0x2000'0068          --   Gb  - Linker created -
CSTACK$$Limit           0x2000'0468          --   Gb  - Linker created -
DebugMon_Handler         0x800'10e1    0x2  Code  Gb  stm32f1xx_it.o [1]
HAL_DMA_Abort_IT         0x800'0bb1   0xdc  Code  Gb  stm32f1xx_hal_dma.o [1]
HAL_GPIO_Init            0x800'0dc1  0x194  Code  Gb  stm32f1xx_hal_gpio.o [1]
HAL_GetTick              0x800'0635    0xc  Code  Wk  stm32f1xx_hal.o [1]
HAL_IncTick              0x800'10f5   0x10  Code  Wk  stm32f1xx_hal.o [1]
HAL_Init                 0x800'0f91   0x20  Code  Gb  stm32f1xx_hal.o [1]
HAL_InitTick             0x800'0641   0x40  Code  Wk  stm32f1xx_hal.o [1]
HAL_MspInit              0x800'0ae9   0x3a  Code  Gb  stm32f1xx_hal_msp.o [1]
HAL_NVIC_EnableIRQ       0x800'06ef   0x16  Code  Gb  stm32f1xx_hal_cortex.o [1]
HAL_NVIC_SetPriority     0x800'06b5   0x3a  Code  Gb  stm32f1xx_hal_cortex.o [1]
HAL_NVIC_SetPriorityGrouping
                         0x800'069b   0x1a  Code  Gb  stm32f1xx_hal_cortex.o [1]
HAL_RCC_ClockConfig      0x800'0451   0xf4  Code  Gb  stm32f1xx_hal_rcc.o [1]
HAL_RCC_GetPCLK1Freq     0x800'0593   0x10  Code  Gb  stm32f1xx_hal_rcc.o [1]
HAL_RCC_GetPCLK2Freq     0x800'05a3    0xe  Code  Gb  stm32f1xx_hal_rcc.o [1]
HAL_RCC_GetSysClockFreq
                         0x800'0559   0x3a  Code  Gb  stm32f1xx_hal_rcc.o [1]
HAL_RCC_GetSysClockFreq::aPLLMULFactorTable
                         0x800'05e8   0x10  Data  Lc  stm32f1xx_hal_rcc.o [1]
HAL_RCC_GetSysClockFreq::aPredivFactorTable
                         0x800'05f8    0x2  Data  Lc  stm32f1xx_hal_rcc.o [1]
HAL_RCC_OscConfig        0x800'0131  0x318  Code  Gb  stm32f1xx_hal_rcc.o [1]
HAL_SYSTICK_Config       0x800'0705   0x28  Code  Gb  stm32f1xx_hal_cortex.o [1]
HAL_UART_IRQHandler      0x800'085f  0x14e  Code  Gb  stm32f1xx_hal_uart.o [1]
HAL_UART_Init            0x800'0745   0x1e  Code  Gb  stm32f1xx_hal_uart.o [1]
HAL_UART_MspInit         0x800'0b23   0x7c  Code  Gb  stm32f1xx_hal_msp.o [1]
HAL_UART_Receive_IT      0x800'07fd   0x56  Code  Gb  stm32f1xx_hal_uart.o [1]
HAL_UART_RxCpltCallback
                         0x800'0cc5    0xc  Code  Gb  main.o [1]
HAL_UART_Transmit_IT     0x800'07bb   0x42  Code  Gb  stm32f1xx_hal_uart.o [1]
HardFault_Handler        0x800'10d7    0x2  Code  Gb  stm32f1xx_it.o [1]
MemManage_Handler        0x800'10d9    0x2  Code  Gb  stm32f1xx_it.o [1]
NMI_Handler              0x800'10d5    0x2  Code  Gb  stm32f1xx_it.o [1]
PendSV_Handler           0x800'10e3    0x2  Code  Gb  stm32f1xx_it.o [1]
Region$$Table$$Base      0x800'10b0          --   Gb  - Linker created -
Region$$Table$$Limit     0x800'10d4          --   Gb  - Linker created -
SVC_Handler              0x800'10df    0x2  Code  Gb  stm32f1xx_it.o [1]
SysTick_Handler          0x800'10e5    0x4  Code  Gb  stm32f1xx_it.o [1]
SystemClock_Config       0x800'0d65   0x42  Code  Gb  main.o [1]
SystemCoreClock         0x2000'000c    0x4  Data  Gb  system_stm32f1xx.o [1]
SystemInit               0x800'1001   0x3c  Code  Gb  system_stm32f1xx.o [1]
UART_DMAAbortOnError     0x800'09c9    0xc  Code  Lc  stm32f1xx_hal_uart.o [1]
UART_EndRxTransfer       0x800'09ad   0x1c  Code  Lc  stm32f1xx_hal_uart.o [1]
UART_Receive_IT          0x800'09d5   0x92  Code  Lc  stm32f1xx_hal_uart.o [1]
UART_SetConfig           0x800'0a67   0x78  Code  Lc  stm32f1xx_hal_uart.o [1]
USART1_IRQHandler        0x800'10e9    0x6  Code  Gb  stm32f1xx_it.o [1]
UsageFault_Handler       0x800'10dd    0x2  Code  Gb  stm32f1xx_it.o [1]
__NVIC_SetPriority       0x800'0681   0x1a  Code  Lc  stm32f1xx_hal_cortex.o [1]
__aeabi_memclr4          0x800'0db9         Code  Gb  ABImemclr4.o [3]
__cmain                  0x800'1105         Code  Gb  cmain.o [3]
__exit                   0x800'1139   0x14  Code  Gb  exit.o [4]
__iar_Memset4_word       0x800'0fcd         Code  Gb  ABImemset48.o [3]
__iar_Memset8_word       0x800'0fcd         Code  Gb  ABImemset48.o [3]
__iar_copy_init3         0x800'105d   0x2c  Code  Gb  copy_init3.o [3]
__iar_data_init3         0x800'1089   0x28  Code  Gb  data_init.o [3]
__iar_program_start      0x800'116d         Code  Gb  cstartup_M.o [3]
__iar_small_Memcpy       0x800'0fb9         Code  Gb  ABImemcpy_small.o [3]
__iar_small_memcpy       0x800'0fb5         Code  Gb  ABImemcpy_small.o [3]
__iar_small_memcpy4      0x800'0fb5         Code  Gb  ABImemcpy_small.o [3]
__iar_small_memcpy8      0x800'0fb5         Code  Gb  ABImemcpy_small.o [3]
__iar_zero_init3         0x800'05fb   0x3a  Code  Gb  zero_init3.o [3]
__low_level_init         0x800'1123    0x4  Code  Gb  low_level_init.o [2]
__vector_table           0x800'0000         Data  Gb  startup_stm32f103xe.o [1]
_call_main               0x800'1111         Code  Gb  cmain.o [3]
_exit                    0x800'112d         Code  Gb  cexit.o [3]
_main                    0x800'111f         Code  Gb  cmain.o [3]
exit                     0x800'1127    0x4  Code  Gb  exit.o [2]
huart1                  0x2000'0010   0x40  Data  Gb  main.o [1]
main                     0x800'0cd1   0x88  Code  Gb  main.o [1]
rxBuffer                0x2000'0050   0x14  Data  Gb  main.o [1]
uwTick                  0x2000'0004    0x4  Data  Gb  stm32f1xx_hal.o [1]
uwTickFreq              0x2000'0000    0x1  Data  Gb  stm32f1xx_hal.o [1]
uwTickPrio              0x2000'0008    0x4  Data  Gb  stm32f1xx_hal.o [1]


[1] = C:\Users\Admin\Documents\ARM\USART\EWARM\USART\Obj
[2] = dl7M_tln.a
[3] = rt7M_tl.a
[4] = shb_l.a

  4 656 bytes of readonly  code memory
     60 bytes of readonly  data memory
  1 124 bytes of readwrite data memory

Errors: none
Warnings: none
